ARM Linker, RVCT4.0 [Build 524] for uVision [Standard]

==============================================================================

Section Cross References

    stm32f10x_it.o(i.SDIO_IRQHandler) refers to sdio_sdcard.o(i.SD_ProcessIRQSrc) for SD_ProcessIRQSrc
    stm32f10x_it.o(i.SysTick_Handler) refers to main.o(i.TimingDelay_Decrement) for TimingDelay_Decrement
    main.o(i.Delay_us) refers to main.o(.data) for .data
    main.o(i.LED_Config) refers to stm32f10x_rcc.o(i.RCC_APB2PeriphClockCmd) for RCC_APB2PeriphClockCmd
    main.o(i.LED_Config) refers to stm32f10x_gpio.o(i.GPIO_Init) for GPIO_Init
    main.o(i.LED_Config) refers to main.o(.data) for .data
    main.o(i.NVIC_Configuration) refers to misc.o(i.NVIC_PriorityGroupConfig) for NVIC_PriorityGroupConfig
    main.o(i.NVIC_Configuration) refers to misc.o(i.NVIC_Init) for NVIC_Init
    main.o(i.Play_Music) refers to memseta.o(.text) for __aeabi_memclr4
    main.o(i.Play_Music) refers to main.o(i.USART_OUT) for USART_OUT
    main.o(i.Play_Music) refers to diskio.o(i.disk_initialize) for disk_initialize
    main.o(i.Play_Music) refers to vs1003.o(i.VS1003_start) for VS1003_start
    main.o(i.Play_Music) refers to ff.o(i.f_mount) for f_mount
    main.o(i.Play_Music) refers to ff.o(i.f_opendir) for f_opendir
    main.o(i.Play_Music) refers to strstr.o(.text) for strstr
    main.o(i.Play_Music) refers to ff.o(i.f_open) for f_open
    main.o(i.Play_Music) refers to stm32f10x_gpio.o(i.GPIO_SetBits) for GPIO_SetBits
    main.o(i.Play_Music) refers to ff.o(i.f_read) for f_read
    main.o(i.Play_Music) refers to main.o(i.Delay_us) for Delay_us
    main.o(i.Play_Music) refers to stm32f10x_gpio.o(i.GPIO_ReadInputDataBit) for GPIO_ReadInputDataBit
    main.o(i.Play_Music) refers to vs1003.o(i.VS1003_WriteByte) for VS1003_WriteByte
    main.o(i.Play_Music) refers to main.o(i.SPI1_SendByte) for SPI1_SendByte
    main.o(i.Play_Music) refers to stm32f10x_gpio.o(i.GPIO_ResetBits) for GPIO_ResetBits
    main.o(i.Play_Music) refers to ff.o(i.f_close) for f_close
    main.o(i.Play_Music) refers to ff.o(i.f_readdir) for f_readdir
    main.o(i.Play_Music) refers to main.o(.bss) for .bss
    main.o(i.Play_Music) refers to main.o(.data) for .data
    main.o(i.RCC_Configuration) refers to system_stm32f10x.o(i.SystemInit) for SystemInit
    main.o(i.RCC_Configuration) refers to stm32f10x_rcc.o(i.RCC_APB2PeriphClockCmd) for RCC_APB2PeriphClockCmd
    main.o(i.SD_TEST) refers to sdio_sdcard.o(i.SD_Init) for SD_Init
    main.o(i.SD_TEST) refers to sdio_sdcard.o(i.SD_GetCardInfo) for SD_GetCardInfo
    main.o(i.SD_TEST) refers to sdio_sdcard.o(i.SD_SelectDeselect) for SD_SelectDeselect
    main.o(i.SD_TEST) refers to sdio_sdcard.o(i.SD_EnableWideBusOperation) for SD_EnableWideBusOperation
    main.o(i.SD_TEST) refers to sdio_sdcard.o(i.SD_SetDeviceMode) for SD_SetDeviceMode
    main.o(i.SD_TEST) refers to sdio_sdcard.o(i.SD_ReadBlock) for SD_ReadBlock
    main.o(i.SD_TEST) refers to main.o(i.USART_OUT) for USART_OUT
    main.o(i.SD_TEST) refers to main.o(.data) for .data
    main.o(i.SD_TEST) refers to main.o(.bss) for .bss
    main.o(i.SPI1_Configeration) refers to stm32f10x_rcc.o(i.RCC_APB2PeriphClockCmd) for RCC_APB2PeriphClockCmd
    main.o(i.SPI1_Configeration) refers to stm32f10x_gpio.o(i.GPIO_Init) for GPIO_Init
    main.o(i.SPI1_Configeration) refers to stm32f10x_spi.o(i.SPI_Init) for SPI_Init
    main.o(i.SPI1_Configeration) refers to stm32f10x_spi.o(i.SPI_Cmd) for SPI_Cmd
    main.o(i.SPI1_SendByte) refers to stm32f10x_gpio.o(i.GPIO_ResetBits) for GPIO_ResetBits
    main.o(i.SPI1_SendByte) refers to stm32f10x_spi.o(i.SPI_I2S_GetFlagStatus) for SPI_I2S_GetFlagStatus
    main.o(i.SPI1_SendByte) refers to stm32f10x_spi.o(i.SPI_I2S_SendData) for SPI_I2S_SendData
    main.o(i.SPI1_SendByte) refers to stm32f10x_gpio.o(i.GPIO_SetBits) for GPIO_SetBits
    main.o(i.SPI1_SendByte) refers to stm32f10x_spi.o(i.SPI_I2S_ReceiveData) for SPI_I2S_ReceiveData
    main.o(i.TimingDelay_Decrement) refers to main.o(.data) for .data
    main.o(i.USART_OUT) refers to stm32f10x_usart.o(i.USART_SendData) for USART_SendData
    main.o(i.USART_OUT) refers to stm32f10x_usart.o(i.USART_GetFlagStatus) for USART_GetFlagStatus
    main.o(i.USART_OUT) refers to main.o(i.itoa) for itoa
    main.o(i.Usart1_Init) refers to stm32f10x_gpio.o(i.GPIO_Init) for GPIO_Init
    main.o(i.Usart1_Init) refers to stm32f10x_gpio.o(i.GPIO_ResetBits) for GPIO_ResetBits
    main.o(i.Usart1_Init) refers to stm32f10x_rcc.o(i.RCC_APB2PeriphClockCmd) for RCC_APB2PeriphClockCmd
    main.o(i.Usart1_Init) refers to stm32f10x_usart.o(i.USART_Init) for USART_Init
    main.o(i.Usart1_Init) refers to stm32f10x_usart.o(i.USART_Cmd) for USART_Cmd
    main.o(i.main) refers to main.o(i.RCC_Configuration) for RCC_Configuration
    main.o(i.main) refers to main.o(i.NVIC_Configuration) for NVIC_Configuration
    main.o(i.main) refers to main.o(i.Usart1_Init) for Usart1_Init
[...]
    sdio_sdcard.o(i.SD_ReadBlock) refers to sdio_sdcard.o(i.convert_from_bytes_to_power_of_two) for convert_from_bytes_to_power_of_two
    sdio_sdcard.o(i.SD_ReadBlock) refers to stm32f10x_sdio.o(i.SDIO_SendCommand) for SDIO_SendCommand
    sdio_sdcard.o(i.SD_ReadBlock) refers to sdio_sdcard.o(i.CmdResp1Error) for CmdResp1Error
    sdio_sdcard.o(i.SD_ReadBlock) refers to stm32f10x_sdio.o(i.SDIO_GetFlagStatus) for SDIO_GetFlagStatus
    sdio_sdcard.o(i.SD_ReadBlock) refers to stm32f10x_sdio.o(i.SDIO_ReadData) for SDIO_ReadData
    sdio_sdcard.o(i.SD_ReadBlock) refers to stm32f10x_sdio.o(i.SDIO_ClearFlag) for SDIO_ClearFlag
    sdio_sdcard.o(i.SD_ReadBlock) refers to stm32f10x_sdio.o(i.SDIO_ITConfig) for SDIO_ITConfig
    sdio_sdcard.o(i.SD_ReadBlock) refers to sdio_sdcard.o(i.SD_LowLevel_DMA_RxConfig) for SD_LowLevel_DMA_RxConfig
    sdio_sdcard.o(i.SD_ReadBlock) refers to sdio_sdcard.o(i.SD_DMAEndOfTransferStatus) for SD_DMAEndOfTransferStatus
    sdio_sdcard.o(i.SD_ReadBlock) refers to sdio_sdcard.o(.data) for .data
    sdio_sdcard.o(i.SD_ReadBlock) refers to sdio_sdcard.o(.bss) for .bss
    sdio_sdcard.o(i.SD_ReadMultiBlocks) refers to stm32f10x_sdio.o(i.SDIO_DataConfig) for SDIO_DataConfig
    sdio_sdcard.o(i.SD_ReadMultiBlocks) refers to stm32f10x_sdio.o(i.SDIO_DMACmd) for SDIO_DMACmd
    sdio_sdcard.o(i.SD_ReadMultiBlocks) refers to stm32f10x_sdio.o(i.SDIO_GetResponse) for SDIO_GetResponse
    sdio_sdcard.o(i.SD_ReadMultiBlocks) refers to sdio_sdcard.o(i.convert_from_bytes_to_power_of_two) for convert_from_bytes_to_power_of_two
    sdio_sdcard.o(i.SD_ReadMultiBlocks) refers to stm32f10x_sdio.o(i.SDIO_SendCommand) for SDIO_SendCommand
    sdio_sdcard.o(i.SD_ReadMultiBlocks) refers to sdio_sdcard.o(i.CmdResp1Error) for CmdResp1Error
    sdio_sdcard.o(i.SD_ReadMultiBlocks) refers to stm32f10x_sdio.o(i.SDIO_GetFlagStatus) for SDIO_GetFlagStatus
    sdio_sdcard.o(i.SD_ReadMultiBlocks) refers to stm32f10x_sdio.o(i.SDIO_ReadData) for SDIO_ReadData
    sdio_sdcard.o(i.SD_ReadMultiBlocks) refers to stm32f10x_sdio.o(i.SDIO_ClearFlag) for SDIO_ClearFlag
    sdio_sdcard.o(i.SD_ReadMultiBlocks) refers to stm32f10x_sdio.o(i.SDIO_ITConfig) for SDIO_ITConfig
    sdio_sdcard.o(i.SD_ReadMultiBlocks) refers to sdio_sdcard.o(i.SD_LowLevel_DMA_RxConfig) for SD_LowLevel_DMA_RxConfig
    sdio_sdcard.o(i.SD_ReadMultiBlocks) refers to sdio_sdcard.o(i.SD_DMAEndOfTransferStatus) for SD_DMAEndOfTransferStatus
    sdio_sdcard.o(i.SD_ReadMultiBlocks) refers to sdio_sdcard.o(.data) for .data
    sdio_sdcard.o(i.SD_ReadMultiBlocks) refers to sdio_sdcard.o(.bss) for .bss
    sdio_sdcard.o(i.SD_SelectDeselect) refers to stm32f10x_sdio.o(i.SDIO_SendCommand) for SDIO_SendCommand
    sdio_sdcard.o(i.SD_SelectDeselect) refers to sdio_sdcard.o(i.CmdResp1Error) for CmdResp1Error
    sdio_sdcard.o(i.SD_SelectDeselect) refers to sdio_sdcard.o(.bss) for .bss
    sdio_sdcard.o(i.SD_SendSDStatus) refers to stm32f10x_sdio.o(i.SDIO_GetResponse) for SDIO_GetResponse
    sdio_sdcard.o(i.SD_SendSDStatus) refers to stm32f10x_sdio.o(i.SDIO_SendCommand) for SDIO_SendCommand
    sdio_sdcard.o(i.SD_SendSDStatus) refers to sdio_sdcard.o(i.CmdResp1Error) for CmdResp1Error
    sdio_sdcard.o(i.SD_SendSDStatus) refers to stm32f10x_sdio.o(i.SDIO_DataConfig) for SDIO_DataConfig
    sdio_sdcard.o(i.SD_SendSDStatus) refers to stm32f10x_sdio.o(i.SDIO_GetFlagStatus) for SDIO_GetFlagStatus
    sdio_sdcard.o(i.SD_SendSDStatus) refers to stm32f10x_sdio.o(i.SDIO_ReadData) for SDIO_ReadData
    sdio_sdcard.o(i.SD_SendSDStatus) refers to stm32f10x_sdio.o(i.SDIO_ClearFlag) for SDIO_ClearFlag
    sdio_sdcard.o(i.SD_SendSDStatus) refers to sdio_sdcard.o(.bss) for .bss
    sdio_sdcard.o(i.SD_SendSDStatus) refers to sdio_sdcard.o(.data) for .data
    sdio_sdcard.o(i.SD_SendStatus) refers to stm32f10x_sdio.o(i.SDIO_SendCommand) for SDIO_SendCommand
    sdio_sdcard.o(i.SD_SendStatus) refers to sdio_sdcard.o(i.CmdResp1Error) for CmdResp1Error
    sdio_sdcard.o(i.SD_SendStatus) refers to stm32f10x_sdio.o(i.SDIO_GetResponse) for SDIO_GetResponse
    sdio_sdcard.o(i.SD_SendStatus) refers to sdio_sdcard.o(.data) for .data
    sdio_sdcard.o(i.SD_SendStatus) refers to sdio_sdcard.o(.bss) for .bss
    sdio_sdcard.o(i.SD_SetDeviceMode) refers to sdio_sdcard.o(.data) for .data
    sdio_sdcard.o(i.SD_StopTransfer) refers to stm32f10x_sdio.o(i.SDIO_SendCommand) for SDIO_SendCommand
    sdio_sdcard.o(i.SD_StopTransfer) refers to sdio_sdcard.o(i.CmdResp1Error) for CmdResp1Error
    sdio_sdcard.o(i.SD_StopTransfer) refers to sdio_sdcard.o(.bss) for .bss
    sdio_sdcard.o(i.SD_WriteBlock) refers to stm32f10x_sdio.o(i.SDIO_DataConfig) for SDIO_DataConfig
    sdio_sdcard.o(i.SD_WriteBlock) refers to stm32f10x_sdio.o(i.SDIO_DMACmd) for SDIO_DMACmd
    sdio_sdcard.o(i.SD_WriteBlock) refers to stm32f10x_sdio.o(i.SDIO_GetResponse) for SDIO_GetResponse
    sdio_sdcard.o(i.SD_WriteBlock) refers to sdio_sdcard.o(i.convert_from_bytes_to_power_of_two) for convert_from_bytes_to_power_of_two
    sdio_sdcard.o(i.SD_WriteBlock) refers to stm32f10x_sdio.o(i.SDIO_SendCommand) for SDIO_SendCommand
    sdio_sdcard.o(i.SD_WriteBlock) refers to sdio_sdcard.o(i.CmdResp1Error) for CmdResp1Error
    sdio_sdcard.o(i.SD_WriteBlock) refers to stm32f10x_sdio.o(i.SDIO_GetFlagStatus) for SDIO_GetFlagStatus
    sdio_sdcard.o(i.SD_WriteBlock) refers to stm32f10x_sdio.o(i.SDIO_WriteData) for SDIO_WriteData
    sdio_sdcard.o(i.SD_WriteBlock) refers to stm32f10x_sdio.o(i.SDIO_ClearFlag) for SDIO_ClearFlag
    sdio_sdcard.o(i.SD_WriteBlock) refers to stm32f10x_sdio.o(i.SDIO_ITConfig) for SDIO_ITConfig
    sdio_sdcard.o(i.SD_WriteBlock) refers to sdio_sdcard.o(i.SD_LowLevel_DMA_TxConfig) for SD_LowLevel_DMA_TxConfig
    sdio_sdcard.o(i.SD_WriteBlock) refers to sdio_sdcard.o(i.SD_DMAEndOfTransferStatus) for SD_DMAEndOfTransferStatus
    sdio_sdcard.o(i.SD_WriteBlock) refers to sdio_sdcard.o(i.IsCardProgramming) for IsCardProgramming
    sdio_sdcard.o(i.SD_WriteBlock) refers to sdio_sdcard.o(.data) for .data
    sdio_sdcard.o(i.SD_WriteBlock) refers to sdio_sdcard.o(.bss) for .bss
    sdio_sdcard.o(i.SD_WriteMultiBlocks) refers to stm32f10x_sdio.o(i.SDIO_DataConfig) for SDIO_DataConfig
    sdio_sdcard.o(i.SD_WriteMultiBlocks) refers to stm32f10x_sdio.o(i.SDIO_DMACmd) for SDIO_DMACmd
    sdio_sdcard.o(i.SD_WriteMultiBlocks) refers to stm32f10x_sdio.o(i.SDIO_GetResponse) for SDIO_GetResponse
    sdio_sdcard.o(i.SD_WriteMultiBlocks) refers to sdio_sdcard.o(i.convert_from_bytes_to_power_of_two) for convert_from_bytes_to_power_of_two
    sdio_sdcard.o(i.SD_WriteMultiBlocks) refers to stm32f10x_sdio.o(i.SDIO_SendCommand) for SDIO_SendCommand
    sdio_sdcard.o(i.SD_WriteMultiBlocks) refers to sdio_sdcard.o(i.CmdResp1Error) for CmdResp1Error
    sdio_sdcard.o(i.SD_WriteMultiBlocks) refers to stm32f10x_sdio.o(i.SDIO_GetFlagStatus) for SDIO_GetFlagStatus
    sdio_sdcard.o(i.SD_WriteMultiBlocks) refers to stm32f10x_sdio.o(i.SDIO_WriteData) for SDIO_WriteData
    sdio_sdcard.o(i.SD_WriteMultiBlocks) refers to stm32f10x_sdio.o(i.SDIO_ClearFlag) for SDIO_ClearFlag
    sdio_sdcard.o(i.SD_WriteMultiBlocks) refers to stm32f10x_sdio.o(i.SDIO_ITConfig) for SDIO_ITConfig
    sdio_sdcard.o(i.SD_WriteMultiBlocks) refers to sdio_sdcard.o(i.SD_LowLevel_DMA_TxConfig) for SD_LowLevel_DMA_TxConfig
    sdio_sdcard.o(i.SD_WriteMultiBlocks) refers to sdio_sdcard.o(i.SD_DMAEndOfTransferStatus) for SD_DMAEndOfTransferStatus
    sdio_sdcard.o(i.SD_WriteMultiBlocks) refers to sdio_sdcard.o(i.IsCardProgramming) for IsCardProgramming
    sdio_sdcard.o(i.SD_WriteMultiBlocks) refers to sdio_sdcard.o(.data) for .data
    sdio_sdcard.o(i.SD_WriteMultiBlocks) refers to sdio_sdcard.o(.bss) for .bss
    stm32f10x_gpio.o(i.GPIO_AFIODeInit) refers to stm32f10x_rcc.o(i.RCC_APB2PeriphResetCmd) for RCC_APB2PeriphResetCmd
    stm32f10x_gpio.o(i.GPIO_DeInit) refers to stm32f10x_rcc.o(i.RCC_APB2PeriphResetCmd) for RCC_APB2PeriphResetCmd
    stm32f10x_rcc.o(i.RCC_GetClocksFreq) refers to stm32f10x_rcc.o(.data) for .data
    stm32f10x_rcc.o(i.RCC_WaitForHSEStartUp) refers to stm32f10x_rcc.o(i.RCC_GetFlagStatus) for RCC_GetFlagStatus
    stm32f10x_usart.o(i.USART_DeInit) refers to stm32f10x_rcc.o(i.RCC_APB2PeriphResetCmd) for RCC_APB2PeriphResetCmd
    stm32f10x_usart.o(i.USART_DeInit) refers to stm32f10x_rcc.o(i.RCC_APB1PeriphResetCmd) for RCC_APB1PeriphResetCmd
    stm32f10x_usart.o(i.USART_Init) refers to stm32f10x_rcc.o(i.RCC_GetClocksFreq) for RCC_GetClocksFreq
    stm32f10x_spi.o(i.I2S_Init) refers to stm32f10x_rcc.o(i.RCC_GetClocksFreq) for RCC_GetClocksFreq
    stm32f10x_spi.o(i.SPI_I2S_DeInit) refers to stm32f10x_rcc.o(i.RCC_APB2PeriphResetCmd) for RCC_APB2PeriphResetCmd
    stm32f10x_spi.o(i.SPI_I2S_DeInit) refers to stm32f10x_rcc.o(i.RCC_APB1PeriphResetCmd) for RCC_APB1PeriphResetCmd
    startup_stm32f10x_hd.o(RESET) refers to startup_stm32f10x_hd.o(STACK) for __initial_sp
    startup_stm32f10x_hd.o(RESET) refers to startup_stm32f10x_hd.o(.text) for Reset_Handler
    startup_stm32f10x_hd.o(RESET) refers to stm32f10x_it.o(i.NMI_Handler) for NMI_Handler
    startup_stm32f10x_hd.o(RESET) refers to stm32f10x_it.o(i.HardFault_Handler) for HardFault_Handler
    startup_stm32f10x_hd.o(RESET) refers to stm32f10x_it.o(i.MemManage_Handler) for MemManage_Handler
    startup_stm32f10x_hd.o(RESET) refers to stm32f10x_it.o(i.BusFault_Handler) for BusFault_Handler
    startup_stm32f10x_hd.o(RESET) refers to stm32f10x_it.o(i.UsageFault_Handler) for UsageFault_Handler
    startup_stm32f10x_hd.o(RESET) refers to stm32f10x_it.o(i.SVC_Handler) for SVC_Handler
    startup_stm32f10x_hd.o(RESET) refers to stm32f10x_it.o(i.DebugMon_Handler) for DebugMon_Handler
    startup_stm32f10x_hd.o(RESET) refers to stm32f10x_it.o(i.PendSV_Handler) for PendSV_Handler
    startup_stm32f10x_hd.o(RESET) refers to stm32f10x_it.o(i.SysTick_Handler) for SysTick_Handler
    startup_stm32f10x_hd.o(RESET) refers to stm32f10x_it.o(i.SDIO_IRQHandler) for SDIO_IRQHandler
    startup_stm32f10x_hd.o(.text) refers to system_stm32f10x.o(i.SystemInit) for SystemInit
    startup_stm32f10x_hd.o(.text) refers to entry.o(.ARM.Collect$$$$00000000) for __main
    system_stm32f10x.o(i.SystemCoreClockUpdate) refers to system_stm32f10x.o(.data) for .data
    system_stm32f10x.o(i.SystemInit) refers to system_stm32f10x.o(i.SetSysClockTo72) for SetSysClockTo72
    ff.o(i.check_fs) refers to diskio.o(i.disk_read) for disk_read
    ff.o(i.chk_mounted) refers to diskio.o(i.disk_status) for disk_status
    ff.o(i.chk_mounted) refers to diskio.o(i.disk_initialize) for disk_initialize
    ff.o(i.chk_mounted) refers to ff.o(i.check_fs) for check_fs
    ff.o(i.chk_mounted) refers to diskio.o(i.disk_read) for disk_read
    ff.o(i.chk_mounted) refers to ff.o(.data) for .data
    ff.o(i.create_chain) refers to ff.o(i.get_fat) for get_fat
    ff.o(i.create_chain) refers to ff.o(i.put_fat) for put_fat
    ff.o(i.create_name) refers to cc936.o(i.ff_convert) for ff_convert
    ff.o(i.create_name) refers to ff.o(i.chk_chr) for chk_chr
    ff.o(i.create_name) refers to ff.o(i.mem_set) for mem_set
    ff.o(i.create_name) refers to cc936.o(i.ff_wtoupper) for ff_wtoupper
    ff.o(i.dir_find) refers to ff.o(i.dir_sdi) for dir_sdi
    ff.o(i.dir_find) refers to ff.o(i.move_window) for move_window
    ff.o(i.dir_find) refers to cc936.o(i.ff_wtoupper) for ff_wtoupper
    ff.o(i.dir_find) refers to ff.o(i.sum_sfn) for sum_sfn
    ff.o(i.dir_find) refers to ff.o(i.dir_next) for dir_next
    ff.o(i.dir_find) refers to ff.o(.constdata) for .constdata
    ff.o(i.dir_next) refers to ff.o(i.get_fat) for get_fat
    ff.o(i.dir_next) refers to ff.o(i.create_chain) for create_chain
    ff.o(i.dir_next) refers to ff.o(i.move_window) for move_window
    ff.o(i.dir_next) refers to ff.o(i.mem_set) for mem_set
    ff.o(i.dir_next) refers to ff.o(i.clust2sect) for clust2sect
    ff.o(i.dir_read) refers to ff.o(i.move_window) for move_window
    ff.o(i.dir_read) refers to ff.o(i.dir_next) for dir_next
    ff.o(i.dir_read) refers to ff.o(i.sum_sfn) for sum_sfn
    ff.o(i.dir_read) refers to ff.o(.constdata) for .constdata
    ff.o(i.dir_register) refers to ff.o(i.mem_cpy) for mem_cpy
    ff.o(i.dir_register) refers to ff.o(i.gen_numname) for gen_numname
    ff.o(i.dir_register) refers to ff.o(i.dir_find) for dir_find
    ff.o(i.dir_register) refers to ff.o(i.dir_sdi) for dir_sdi
    ff.o(i.dir_register) refers to ff.o(i.move_window) for move_window
    ff.o(i.dir_register) refers to ff.o(i.dir_next) for dir_next
    ff.o(i.dir_register) refers to ff.o(i.sum_sfn) for sum_sfn
    ff.o(i.dir_register) refers to ff.o(i.mem_set) for mem_set
    ff.o(i.dir_register) refers to ff.o(.constdata) for .constdata
    ff.o(i.dir_remove) refers to ff.o(i.dir_sdi) for dir_sdi
    ff.o(i.dir_remove) refers to ff.o(i.move_window) for move_window
    ff.o(i.dir_remove) refers to ff.o(i.dir_next) for dir_next
    ff.o(i.dir_sdi) refers to ff.o(i.get_fat) for get_fat
    ff.o(i.dir_sdi) refers to ff.o(i.clust2sect) for clust2sect
    ff.o(i.f_chmod) refers to ff.o(i.chk_mounted) for chk_mounted
    ff.o(i.f_chmod) refers to ff.o(i.follow_path) for follow_path
    ff.o(i.f_chmod) refers to ff.o(i.sync) for sync
    ff.o(i.f_chmod) refers to ff.o(.bss) for .bss
    ff.o(i.f_close) refers to ff.o(i.f_sync) for f_sync
    ff.o(i.f_getfree) refers to ff.o(i.chk_mounted) for chk_mounted
    ff.o(i.f_getfree) refers to ff.o(i.get_fat) for get_fat
    ff.o(i.f_getfree) refers to ff.o(i.move_window) for move_window
    ff.o(i.f_lseek) refers to ff.o(i.validate) for validate
    ff.o(i.f_lseek) refers to ff.o(i.create_chain) for create_chain
    ff.o(i.f_lseek) refers to ff.o(i.get_fat) for get_fat
    ff.o(i.f_lseek) refers to ff.o(i.clust2sect) for clust2sect
    ff.o(i.f_lseek) refers to diskio.o(i.disk_write) for disk_write
    ff.o(i.f_lseek) refers to diskio.o(i.disk_read) for disk_read
    ff.o(i.f_mkdir) refers to diskio.o(i.get_fattime) for get_fattime
    ff.o(i.f_mkdir) refers to ff.o(i.chk_mounted) for chk_mounted
    ff.o(i.f_mkdir) refers to ff.o(i.follow_path) for follow_path
    ff.o(i.f_mkdir) refers to ff.o(i.create_chain) for create_chain
    ff.o(i.f_mkdir) refers to ff.o(i.move_window) for move_window
    ff.o(i.f_mkdir) refers to ff.o(i.clust2sect) for clust2sect
    ff.o(i.f_mkdir) refers to ff.o(i.mem_set) for mem_set
    ff.o(i.f_mkdir) refers to ff.o(i.st_clust) for st_clust
    ff.o(i.f_mkdir) refers to ff.o(i.mem_cpy) for mem_cpy
    ff.o(i.f_mkdir) refers to ff.o(i.dir_register) for dir_register
    ff.o(i.f_mkdir) refers to ff.o(i.remove_chain) for remove_chain
    ff.o(i.f_mkdir) refers to ff.o(i.sync) for sync
    ff.o(i.f_mkdir) refers to ff.o(.bss) for .bss
    ff.o(i.f_mount) refers to ff.o(.data) for .data
    ff.o(i.f_open) refers to ff.o(i.chk_mounted) for chk_mounted
    ff.o(i.f_open) refers to ff.o(i.follow_path) for follow_path
    ff.o(i.f_open) refers to ff.o(i.dir_register) for dir_register
    ff.o(i.f_open) refers to diskio.o(i.get_fattime) for get_fattime
    ff.o(i.f_open) refers to ff.o(i.ld_clust) for ld_clust
    ff.o(i.f_open) refers to ff.o(i.st_clust) for st_clust
    ff.o(i.f_open) refers to ff.o(i.remove_chain) for remove_chain
    ff.o(i.f_open) refers to ff.o(i.move_window) for move_window
    ff.o(i.f_open) refers to ff.o(.bss) for .bss
    ff.o(i.f_opendir) refers to ff.o(i.chk_mounted) for chk_mounted
    ff.o(i.f_opendir) refers to ff.o(i.follow_path) for follow_path
    ff.o(i.f_opendir) refers to ff.o(i.ld_clust) for ld_clust
    ff.o(i.f_opendir) refers to ff.o(i.dir_sdi) for dir_sdi
    ff.o(i.f_opendir) refers to ff.o(.bss) for .bss
    ff.o(i.f_read) refers to ff.o(i.validate) for validate
    ff.o(i.f_read) refers to ff.o(i.get_fat) for get_fat
    ff.o(i.f_read) refers to ff.o(i.clust2sect) for clust2sect
    ff.o(i.f_read) refers to diskio.o(i.disk_read) for disk_read
    ff.o(i.f_read) refers to ff.o(i.mem_cpy) for mem_cpy
    ff.o(i.f_read) refers to diskio.o(i.disk_write) for disk_write
    ff.o(i.f_readdir) refers to ff.o(i.validate) for validate
    ff.o(i.f_readdir) refers to ff.o(i.dir_sdi) for dir_sdi
    ff.o(i.f_readdir) refers to ff.o(i.dir_read) for dir_read
    ff.o(i.f_readdir) refers to ff.o(i.get_fileinfo) for get_fileinfo
    ff.o(i.f_readdir) refers to ff.o(i.dir_next) for dir_next
    ff.o(i.f_readdir) refers to ff.o(.bss) for .bss
    ff.o(i.f_rename) refers to ff.o(i.chk_mounted) for chk_mounted
    ff.o(i.f_rename) refers to ff.o(i.follow_path) for follow_path
    ff.o(i.f_rename) refers to ff.o(i.mem_cpy) for mem_cpy
    ff.o(i.f_rename) refers to ff.o(i.dir_register) for dir_register
    ff.o(i.f_rename) refers to ff.o(i.ld_clust) for ld_clust
    ff.o(i.f_rename) refers to ff.o(i.clust2sect) for clust2sect
    ff.o(i.f_rename) refers to ff.o(i.move_window) for move_window
    ff.o(i.f_rename) refers to ff.o(i.st_clust) for st_clust
    ff.o(i.f_rename) refers to ff.o(i.dir_remove) for dir_remove
    ff.o(i.f_rename) refers to ff.o(i.sync) for sync
    ff.o(i.f_rename) refers to ff.o(.bss) for .bss
    ff.o(i.f_stat) refers to ff.o(i.chk_mounted) for chk_mounted
    ff.o(i.f_stat) refers to ff.o(i.follow_path) for follow_path
    ff.o(i.f_stat) refers to ff.o(i.get_fileinfo) for get_fileinfo
    ff.o(i.f_stat) refers to ff.o(.bss) for .bss
    ff.o(i.f_sync) refers to ff.o(i.validate) for validate
    ff.o(i.f_sync) refers to diskio.o(i.disk_write) for disk_write
    ff.o(i.f_sync) refers to ff.o(i.move_window) for move_window
    ff.o(i.f_sync) refers to ff.o(i.st_clust) for st_clust
    ff.o(i.f_sync) refers to diskio.o(i.get_fattime) for get_fattime
    ff.o(i.f_sync) refers to ff.o(i.sync) for sync
    ff.o(i.f_truncate) refers to ff.o(i.validate) for validate
    ff.o(i.f_truncate) refers to ff.o(i.remove_chain) for remove_chain
    ff.o(i.f_truncate) refers to ff.o(i.get_fat) for get_fat
    ff.o(i.f_truncate) refers to ff.o(i.put_fat) for put_fat
    ff.o(i.f_unlink) refers to ff.o(i.chk_mounted) for chk_mounted
    ff.o(i.f_unlink) refers to ff.o(i.follow_path) for follow_path
    ff.o(i.f_unlink) refers to ff.o(i.ld_clust) for ld_clust
    ff.o(i.f_unlink) refers to ff.o(i.mem_cpy) for mem_cpy
    ff.o(i.f_unlink) refers to ff.o(i.dir_sdi) for dir_sdi
    ff.o(i.f_unlink) refers to ff.o(i.dir_read) for dir_read
    ff.o(i.f_unlink) refers to ff.o(i.dir_remove) for dir_remove
    ff.o(i.f_unlink) refers to ff.o(i.remove_chain) for remove_chain
    ff.o(i.f_unlink) refers to ff.o(i.sync) for sync
    ff.o(i.f_unlink) refers to ff.o(.bss) for .bss
    ff.o(i.f_utime) refers to ff.o(i.chk_mounted) for chk_mounted
    ff.o(i.f_utime) refers to ff.o(i.follow_path) for follow_path
    ff.o(i.f_utime) refers to ff.o(i.sync) for sync
    ff.o(i.f_utime) refers to ff.o(.bss) for .bss
    ff.o(i.f_write) refers to ff.o(i.validate) for validate
    ff.o(i.f_write) refers to ff.o(i.create_chain) for create_chain
    ff.o(i.f_write) refers to diskio.o(i.disk_write) for disk_write
    ff.o(i.f_write) refers to ff.o(i.clust2sect) for clust2sect
    ff.o(i.f_write) refers to ff.o(i.mem_cpy) for mem_cpy
    ff.o(i.f_write) refers to diskio.o(i.disk_read) for disk_read
    ff.o(i.follow_path) refers to ff.o(i.dir_sdi) for dir_sdi
    ff.o(i.follow_path) refers to ff.o(i.create_name) for create_name
    ff.o(i.follow_path) refers to ff.o(i.dir_find) for dir_find
    ff.o(i.follow_path) refers to ff.o(i.ld_clust) for ld_clust
    ff.o(i.gen_numname) refers to ff.o(i.mem_cpy) for mem_cpy
    ff.o(i.get_fat) refers to ff.o(i.move_window) for move_window
    ff.o(i.get_fileinfo) refers to cc936.o(i.ff_convert) for ff_convert
    ff.o(i.move_window) refers to diskio.o(i.disk_write) for disk_write
    ff.o(i.move_window) refers to diskio.o(i.disk_read) for disk_read
    ff.o(i.put_fat) refers to ff.o(i.move_window) for move_window
    ff.o(i.remove_chain) refers to ff.o(i.get_fat) for get_fat
    ff.o(i.remove_chain) refers to ff.o(i.put_fat) for put_fat
    ff.o(i.sync) refers to ff.o(i.move_window) for move_window
    ff.o(i.sync) refers to ff.o(i.mem_set) for mem_set
    ff.o(i.sync) refers to diskio.o(i.disk_write) for disk_write
    ff.o(i.sync) refers to diskio.o(i.disk_ioctl) for disk_ioctl
    ff.o(i.validate) refers to diskio.o(i.disk_status) for disk_status
    diskio.o(i.disk_read) refers to sdio_sdcard.o(i.SD_ReadBlock) for SD_ReadBlock
    diskio.o(i.disk_write) refers to sdio_sdcard.o(i.SD_WriteBlock) for SD_WriteBlock
    cc936.o(i.ff_convert) refers to cc936.o(.constdata) for .constdata
    cc936.o(i.ff_wtoupper) refers to cc936.o(.constdata) for .constdata
    entry.o(.ARM.Collect$$$$00000000) refers (Special) to entry7.o(.ARM.Collect$$$$00000007) for _main_init
    entry.o(.ARM.Collect$$$$00000000) refers (Special) to entry5.o(.ARM.Collect$$$$00000004) for _main_scatterload
    entry.o(.ARM.Collect$$$$00000000) refers (Special) to entry2.o(.ARM.Collect$$$$00000001) for _main_stk
    entry2.o(.ARM.Collect$$$$00000001) refers to entry2.o(.ARM.Collect$$$$00002712) for __lit__00000000
    entry2.o(.ARM.Collect$$$$00002712) refers to startup_stm32f10x_hd.o(STACK) for __initial_sp
    entry2.o(__vectab_stack_and_reset_area) refers to startup_stm32f10x_hd.o(STACK) for __initial_sp
    entry2.o(__vectab_stack_and_reset_area) refers to entry.o(.ARM.Collect$$$$00000000) for __main
    entry5.o(.ARM.Collect$$$$00000004) refers to init.o(.text) for __scatterload
    entry7.o(.ARM.Collect$$$$00000007) refers to main.o(i.main) for main
    init.o(.text) refers to entry5.o(.ARM.Collect$$$$00000004) for __main_after_scatterload


==============================================================================

Removing Unused input sections from the image.

    Removing main.o(.bss), (16 bytes).
    Removing main.o(.bss), (2048 bytes).
    Removing main.o(.bss), (548 bytes).
    Removing main.o(.data), (4 bytes).
    Removing vs1003.o(i.VS1003_ReadByte), (52 bytes).
    Removing vs1003.o(i.VS1003_ReadReg), (68 bytes).
    Removing sdio_sdcard.o(i.SD_DeInit), (4 bytes).
    Removing sdio_sdcard.o(i.SD_Detect), (24 bytes).
    Removing sdio_sdcard.o(i.SD_Erase), (248 bytes).
    Removing sdio_sdcard.o(i.SD_GetState), (36 bytes).
    Removing sdio_sdcard.o(i.SD_GetStatus), (26 bytes).
    Removing sdio_sdcard.o(i.SD_GetTransferState), (20 bytes).
    Removing sdio_sdcard.o(i.SD_LowLevel_DeInit), (72 bytes).
    Removing sdio_sdcard.o(i.SD_PowerOFF), (14 bytes).
    Removing sdio_sdcard.o(i.SD_ReadMultiBlocks), (580 bytes).
    Removing sdio_sdcard.o(i.SD_SendSDStatus), (356 bytes).
    Removing sdio_sdcard.o(i.SD_SendStatus), (76 bytes).
    Removing sdio_sdcard.o(i.SD_WriteMultiBlocks), (756 bytes).
    Removing misc.o(i.NVIC_SetVectorTable), (20 bytes).
    Removing misc.o(i.NVIC_SystemLPConfig), (24 bytes).
    Removing misc.o(i.SysTick_CLKSourceConfig), (24 bytes).
    Removing stm32f10x_gpio.o(i.GPIO_AFIODeInit), (22 bytes).
    Removing stm32f10x_gpio.o(i.GPIO_DeInit), (180 bytes).
    Removing stm32f10x_gpio.o(i.GPIO_ETH_MediaInterfaceConfig), (12 bytes).
    Removing stm32f10x_gpio.o(i.GPIO_EXTILineConfig), (40 bytes).
    Removing stm32f10x_gpio.o(i.GPIO_EventOutputCmd), (12 bytes).
    Removing stm32f10x_gpio.o(i.GPIO_EventOutputConfig), (28 bytes).
    Removing stm32f10x_gpio.o(i.GPIO_PinLockConfig), (16 bytes).
    Removing stm32f10x_gpio.o(i.GPIO_PinRemapConfig), (88 bytes).
    Removing stm32f10x_gpio.o(i.GPIO_ReadInputData), (6 bytes).
    Removing stm32f10x_gpio.o(i.GPIO_ReadOutputData), (6 bytes).
    Removing stm32f10x_gpio.o(i.GPIO_ReadOutputDataBit), (14 bytes).
    Removing stm32f10x_gpio.o(i.GPIO_StructInit), (16 bytes).
    Removing stm32f10x_gpio.o(i.GPIO_Write), (4 bytes).
    Removing stm32f10x_gpio.o(i.GPIO_WriteBit), (10 bytes).
    Removing stm32f10x_rcc.o(i.RCC_ADCCLKConfig), (20 bytes).
    Removing stm32f10x_rcc.o(i.RCC_APB1PeriphResetCmd), (24 bytes).
    Removing stm32f10x_rcc.o(i.RCC_APB2PeriphResetCmd), (24 bytes).
    Removing stm32f10x_rcc.o(i.RCC_AdjustHSICalibrationValue), (20 bytes).
    Removing stm32f10x_rcc.o(i.RCC_BackupResetCmd), (12 bytes).
    Removing stm32f10x_rcc.o(i.RCC_ClearFlag), (16 bytes).
    Removing stm32f10x_rcc.o(i.RCC_ClearITPendingBit), (12 bytes).
    Removing stm32f10x_rcc.o(i.RCC_ClockSecuritySystemCmd), (12 bytes).
    Removing stm32f10x_rcc.o(i.RCC_DeInit), (64 bytes).
    Removing stm32f10x_rcc.o(i.RCC_GetFlagStatus), (48 bytes).
    Removing stm32f10x_rcc.o(i.RCC_GetITStatus), (20 bytes).
    Removing stm32f10x_rcc.o(i.RCC_GetSYSCLKSource), (16 bytes).
    Removing stm32f10x_rcc.o(i.RCC_HCLKConfig), (20 bytes).
    Removing stm32f10x_rcc.o(i.RCC_HSEConfig), (52 bytes).
    Removing stm32f10x_rcc.o(i.RCC_HSICmd), (12 bytes).
    Removing stm32f10x_rcc.o(i.RCC_ITConfig), (24 bytes).
    Removing stm32f10x_rcc.o(i.RCC_LSEConfig), (32 bytes).
    Removing stm32f10x_rcc.o(i.RCC_LSICmd), (12 bytes).
    Removing stm32f10x_rcc.o(i.RCC_MCOConfig), (12 bytes).
    Removing stm32f10x_rcc.o(i.RCC_PCLK1Config), (20 bytes).
    Removing stm32f10x_rcc.o(i.RCC_PCLK2Config), (20 bytes).
    Removing stm32f10x_rcc.o(i.RCC_PLLCmd), (12 bytes).
    Removing stm32f10x_rcc.o(i.RCC_PLLConfig), (20 bytes).
    Removing stm32f10x_rcc.o(i.RCC_RTCCLKCmd), (12 bytes).
    Removing stm32f10x_rcc.o(i.RCC_RTCCLKConfig), (16 bytes).
    Removing stm32f10x_rcc.o(i.RCC_SYSCLKConfig), (20 bytes).
    Removing stm32f10x_rcc.o(i.RCC_USBCLKConfig), (12 bytes).
    Removing stm32f10x_rcc.o(i.RCC_WaitForHSEStartUp), (38 bytes).
    Removing stm32f10x_usart.o(i.USART_ClearFlag), (6 bytes).
    Removing stm32f10x_usart.o(i.USART_ClearITPendingBit), (12 bytes).
    Removing stm32f10x_usart.o(i.USART_ClockInit), (30 bytes).
    Removing stm32f10x_usart.o(i.USART_ClockStructInit), (12 bytes).
    Removing stm32f10x_usart.o(i.USART_DMACmd), (16 bytes).
    Removing stm32f10x_usart.o(i.USART_DeInit), (116 bytes).
    Removing stm32f10x_usart.o(i.USART_GetITStatus), (62 bytes).
    Removing stm32f10x_usart.o(i.USART_HalfDuplexCmd), (20 bytes).
    Removing stm32f10x_usart.o(i.USART_ITConfig), (48 bytes).
    Removing stm32f10x_usart.o(i.USART_IrDACmd), (20 bytes).
    Removing stm32f10x_usart.o(i.USART_IrDAConfig), (16 bytes).
    Removing stm32f10x_usart.o(i.USART_LINBreakDetectLengthConfig), (16 bytes).
    Removing stm32f10x_usart.o(i.USART_LINCmd), (20 bytes).
    Removing stm32f10x_usart.o(i.USART_OneBitMethodCmd), (20 bytes).
    Removing stm32f10x_usart.o(i.USART_OverSampling8Cmd), (20 bytes).
    Removing stm32f10x_usart.o(i.USART_ReceiveData), (8 bytes).
    Removing stm32f10x_usart.o(i.USART_ReceiverWakeUpCmd), (20 bytes).
    Removing stm32f10x_usart.o(i.USART_SendBreak), (10 bytes).
    Removing stm32f10x_usart.o(i.USART_SetAddress), (16 bytes).
    Removing stm32f10x_usart.o(i.USART_SetGuardTime), (16 bytes).
    Removing stm32f10x_usart.o(i.USART_SetPrescaler), (16 bytes).
    Removing stm32f10x_usart.o(i.USART_SmartCardCmd), (20 bytes).
    Removing stm32f10x_usart.o(i.USART_SmartCardNACKCmd), (20 bytes).
    Removing stm32f10x_usart.o(i.USART_StructInit), (22 bytes).
    Removing stm32f10x_usart.o(i.USART_WakeUpConfig), (16 bytes).
    Removing stm32f10x_sdio.o(i.SDIO_CEATAITCmd), (16 bytes).
    Removing stm32f10x_sdio.o(i.SDIO_CmdStructInit), (14 bytes).
    Removing stm32f10x_sdio.o(i.SDIO_CommandCompletionCmd), (12 bytes).
    Removing stm32f10x_sdio.o(i.SDIO_DataStructInit), (20 bytes).
    Removing stm32f10x_sdio.o(i.SDIO_GetDataCounter), (12 bytes).
    Removing stm32f10x_sdio.o(i.SDIO_GetFIFOCount), (12 bytes).
    Removing stm32f10x_sdio.o(i.SDIO_SendCEATACmd), (12 bytes).
    Removing stm32f10x_sdio.o(i.SDIO_SendSDIOSuspendCmd), (12 bytes).
    Removing stm32f10x_sdio.o(i.SDIO_SetSDIOOperation), (12 bytes).
    Removing stm32f10x_sdio.o(i.SDIO_SetSDIOReadWaitMode), (12 bytes).
    Removing stm32f10x_sdio.o(i.SDIO_StartSDIOReadWait), (12 bytes).
    Removing stm32f10x_sdio.o(i.SDIO_StopSDIOReadWait), (12 bytes).
    Removing stm32f10x_sdio.o(i.SDIO_StructInit), (16 bytes).
    Removing stm32f10x_dma.o(i.DMA_ClearITPendingBit), (20 bytes).
    Removing stm32f10x_dma.o(i.DMA_DeInit), (236 bytes).
    Removing stm32f10x_dma.o(i.DMA_GetCurrDataCounter), (6 bytes).
    Removing stm32f10x_dma.o(i.DMA_GetITStatus), (32 bytes).
    Removing stm32f10x_dma.o(i.DMA_ITConfig), (16 bytes).
    Removing stm32f10x_dma.o(i.DMA_SetCurrDataCounter), (4 bytes).
    Removing stm32f10x_dma.o(i.DMA_StructInit), (26 bytes).
    Removing stm32f10x_spi.o(i.I2S_Cmd), (20 bytes).
    Removing stm32f10x_spi.o(i.I2S_Init), (144 bytes).
    Removing stm32f10x_spi.o(i.I2S_StructInit), (18 bytes).
    Removing stm32f10x_spi.o(i.SPI_BiDirectionalLineConfig), (22 bytes).
    Removing stm32f10x_spi.o(i.SPI_CalculateCRC), (20 bytes).
    Removing stm32f10x_spi.o(i.SPI_DataSizeConfig), (16 bytes).
    Removing stm32f10x_spi.o(i.SPI_GetCRC), (12 bytes).
    Removing stm32f10x_spi.o(i.SPI_GetCRCPolynomial), (4 bytes).
    Removing stm32f10x_spi.o(i.SPI_I2S_ClearFlag), (6 bytes).
    Removing stm32f10x_spi.o(i.SPI_I2S_ClearITPendingBit), (14 bytes).
    Removing stm32f10x_spi.o(i.SPI_I2S_DMACmd), (16 bytes).
    Removing stm32f10x_spi.o(i.SPI_I2S_DeInit), (84 bytes).
    Removing stm32f10x_spi.o(i.SPI_I2S_GetITStatus), (44 bytes).
    Removing stm32f10x_spi.o(i.SPI_I2S_ITConfig), (24 bytes).
    Removing stm32f10x_spi.o(i.SPI_NSSInternalSoftwareConfig), (24 bytes).
    Removing stm32f10x_spi.o(i.SPI_SSOutputCmd), (20 bytes).
    Removing stm32f10x_spi.o(i.SPI_StructInit), (24 bytes).
    Removing stm32f10x_spi.o(i.SPI_TransmitCRC), (10 bytes).
    Removing startup_stm32f10x_hd.o(HEAP), (512 bytes).
    Removing core_cm3.o(.emb_text), (32 bytes).
    Removing system_stm32f10x.o(i.SystemCoreClockUpdate), (100 bytes).
    Removing system_stm32f10x.o(.data), (20 bytes).
    Removing ff.o(i.dir_remove), (84 bytes).
    Removing ff.o(i.f_chmod), (84 bytes).
    Removing ff.o(i.f_getfree), (190 bytes).
    Removing ff.o(i.f_lseek), (312 bytes).
    Removing ff.o(i.f_mkdir), (364 bytes).
    Removing ff.o(i.f_rename), (252 bytes).
    Removing ff.o(i.f_stat), (68 bytes).
    Removing ff.o(i.f_truncate), (146 bytes).
    Removing ff.o(i.f_unlink), (168 bytes).
    Removing ff.o(i.f_utime), (88 bytes).
    Removing ff.o(i.f_write), (376 bytes).

141 unused section(s) (total 10522 bytes) removed from the image.

==============================================================================

Image Symbol Table

    Local Symbols

    Symbol Name                              Value     Ov Type        Size  Object(Section)

    ../../microlib/init/entry.s              0x00000000   Number         0  entry7.o ABSOLUTE
    ../../microlib/init/entry.s              0x00000000   Number         0  entry5.o ABSOLUTE
    ../../microlib/init/entry.s              0x00000000   Number         0  entry2.o ABSOLUTE
    ../../microlib/init/entry.s              0x00000000   Number         0  entry.o ABSOLUTE
    ../../microlib/string/memset.c           0x00000000   Number         0  memseta.o ABSOLUTE
    ../../microlib/string/strstr.c           0x00000000   Number         0  strstr.o ABSOLUTE
    CM3\\core_cm3.c                          0x00000000   Number         0  core_cm3.o ABSOLUTE
    CM3\core_cm3.c                           0x00000000   Number         0  core_cm3.o ABSOLUTE
    CM3\system_stm32f10x.c                   0x00000000   Number         0  system_stm32f10x.o ABSOLUTE
    FWlib\SRC\misc.c                         0x00000000   Number         0  misc.o ABSOLUTE
    FWlib\SRC\stm32f10x_dma.c                0x00000000   Number         0  stm32f10x_dma.o ABSOLUTE
    FWlib\SRC\stm32f10x_gpio.c               0x00000000   Number         0  stm32f10x_gpio.o ABSOLUTE
    FWlib\SRC\stm32f10x_rcc.c                0x00000000   Number         0  stm32f10x_rcc.o ABSOLUTE
    FWlib\SRC\stm32f10x_sdio.c               0x00000000   Number         0  stm32f10x_sdio.o ABSOLUTE
    FWlib\SRC\stm32f10x_spi.c                0x00000000   Number         0  stm32f10x_spi.o ABSOLUTE
    FWlib\SRC\stm32f10x_usart.c              0x00000000   Number         0  stm32f10x_usart.o ABSOLUTE
    dc.s                                     0x00000000   Number         0  dc.o ABSOLUTE
    fatfs\diskio.c                           0x00000000   Number         0  diskio.o ABSOLUTE
    fatfs\ff.c                               0x00000000   Number         0  ff.o ABSOLUTE
    fatfs\option\cc936.c                     0x00000000   Number         0  cc936.o ABSOLUTE
    handlers.s                               0x00000000   Number         0  handlers.o ABSOLUTE
    init.s                                   0x00000000   Number         0  init.o ABSOLUTE
    startup\startup_stm32f10x_hd.s           0x00000000   Number         0  startup_stm32f10x_hd.o ABSOLUTE
    user\VS1003.c                            0x00000000   Number         0  vs1003.o ABSOLUTE
    user\main.c                              0x00000000   Number         0  main.o ABSOLUTE
    user\sdio_sdcard.c                       0x00000000   Number         0  sdio_sdcard.o ABSOLUTE
    user\stm32f10x_it.c                      0x00000000   Number         0  stm32f10x_it.o ABSOLUTE
    RESET                                    0x08000000   Section      304  startup_stm32f10x_hd.o(RESET)
    .ARM.Collect$$$$00000000                 0x08000130   Section        0  entry.o(.ARM.Collect$$$$00000000)
    .ARM.Collect$$$$00000001                 0x08000130   Section        4  entry2.o(.ARM.Collect$$$$00000001)
    .ARM.Collect$$$$00000004                 0x08000134   Section        4  entry5.o(.ARM.Collect$$$$00000004)
    .ARM.Collect$$$$00000007                 0x08000138   Section        8  entry7.o(.ARM.Collect$$$$00000007)
    .ARM.Collect$$$$00002712                 0x08000140   Section        4  entry2.o(.ARM.Collect$$$$00002712)
    __lit__00000000                          0x08000140   Data           4  entry2.o(.ARM.Collect$$$$00002712)
    .text                                    0x08000144   Section       36  startup_stm32f10x_hd.o(.text)
    .text                                    0x08000168   Section       38  memseta.o(.text)
    .text                                    0x0800018e   Section       44  strstr.o(.text)
    .text                                    0x080001bc   Section       36  init.o(.text)
    i.BusFault_Handler                       0x080001e0   Section        2  stm32f10x_it.o(i.BusFault_Handler)
    i.CmdResp1Error                          0x080001e4   Section      232  sdio_sdcard.o(i.CmdResp1Error)
    CmdResp1Error                            0x080001e5   Thumb Code   224  sdio_sdcard.o(i.CmdResp1Error)
    i.CmdResp2Error                          0x080002cc   Section       52  sdio_sdcard.o(i.CmdResp2Error)
    CmdResp2Error                            0x080002cd   Thumb Code    46  sdio_sdcard.o(i.CmdResp2Error)
    i.CmdResp6Error                          0x08000300   Section      112  sdio_sdcard.o(i.CmdResp6Error)
    CmdResp6Error                            0x08000301   Thumb Code   108  sdio_sdcard.o(i.CmdResp6Error)
    i.DMA_ClearFlag                          0x08000370   Section       20  stm32f10x_dma.o(i.DMA_ClearFlag)
    i.DMA_Cmd                                0x08000384   Section       22  stm32f10x_dma.o(i.DMA_Cmd)
    i.DMA_GetFlagStatus                      0x0800039c   Section       32  stm32f10x_dma.o(i.DMA_GetFlagStatus)
    i.DMA_Init                               0x080003bc   Section       58  stm32f10x_dma.o(i.DMA_Init)
    i.DebugMon_Handler                       0x080003f6   Section        2  stm32f10x_it.o(i.DebugMon_Handler)
    i.Delay_us                               0x080003f8   Section       16  main.o(i.Delay_us)
    i.FindSCR                                0x08000408   Section      328  sdio_sdcard.o(i.FindSCR)
    FindSCR                                  0x08000409   Thumb Code   312  sdio_sdcard.o(i.FindSCR)
    i.GPIO_Init                              0x08000550   Section      158  stm32f10x_gpio.o(i.GPIO_Init)
    i.GPIO_ReadInputDataBit                  0x080005ee   Section       14  stm32f10x_gpio.o(i.GPIO_ReadInputDataBit)
    i.GPIO_ResetBits                         0x080005fc   Section        4  stm32f10x_gpio.o(i.GPIO_ResetBits)
    i.GPIO_SetBits                           0x08000600   Section        4  stm32f10x_gpio.o(i.GPIO_SetBits)
    i.HardFault_Handler                      0x08000604   Section        2  stm32f10x_it.o(i.HardFault_Handler)
    i.IsCardProgramming                      0x08000608   Section      280  sdio_sdcard.o(i.IsCardProgramming)
    IsCardProgramming                        0x08000609   Thumb Code   264  sdio_sdcard.o(i.IsCardProgramming)
    i.LED_Config                             0x08000720   Section       44  main.o(i.LED_Config)
    i.MemManage_Handler                      0x0800074c   Section        2  stm32f10x_it.o(i.MemManage_Handler)
    i.NMI_Handler                            0x0800074e   Section        2  stm32f10x_it.o(i.NMI_Handler)
    i.NVIC_Configuration                     0x08000750   Section       40  main.o(i.NVIC_Configuration)
    i.NVIC_Init                              0x08000778   Section       92  misc.o(i.NVIC_Init)
    i.NVIC_PriorityGroupConfig               0x080007d4   Section       20  misc.o(i.NVIC_PriorityGroupConfig)
    i.PendSV_Handler                         0x080007e8   Section        2  stm32f10x_it.o(i.PendSV_Handler)
    i.Play_Music                             0x080007ec   Section      592  main.o(i.Play_Music)
    i.RCC_AHBPeriphClockCmd                  0x08000a3c   Section       24  stm32f10x_rcc.o(i.RCC_AHBPeriphClockCmd)
    i.RCC_APB1PeriphClockCmd                 0x08000a54   Section       24  stm32f10x_rcc.o(i.RCC_APB1PeriphClockCmd)
    i.RCC_APB2PeriphClockCmd                 0x08000a6c   Section       24  stm32f10x_rcc.o(i.RCC_APB2PeriphClockCmd)
    i.RCC_Configuration                      0x08000a84   Section       26  main.o(i.RCC_Configuration)
    i.RCC_GetClocksFreq                      0x08000aa0   Section      148  stm32f10x_rcc.o(i.RCC_GetClocksFreq)
    i.SDEnWideBus                            0x08000b34   Section      184  sdio_sdcard.o(i.SDEnWideBus)
    SDEnWideBus                              0x08000b35   Thumb Code   174  sdio_sdcard.o(i.SDEnWideBus)
    i.SDIO_ClearFlag                         0x08000bec   Section       12  stm32f10x_sdio.o(i.SDIO_ClearFlag)
    i.SDIO_ClearITPendingBit                 0x08000bf8   Section       12  stm32f10x_sdio.o(i.SDIO_ClearITPendingBit)
    i.SDIO_ClockCmd                          0x08000c04   Section       12  stm32f10x_sdio.o(i.SDIO_ClockCmd)
    i.SDIO_DMACmd                            0x08000c10   Section       12  stm32f10x_sdio.o(i.SDIO_DMACmd)
    i.SDIO_DataConfig                        0x08000c1c   Section       44  stm32f10x_sdio.o(i.SDIO_DataConfig)
    i.SDIO_DeInit                            0x08000c48   Section       36  stm32f10x_sdio.o(i.SDIO_DeInit)
    i.SDIO_GetCommandResponse                0x08000c6c   Section       12  stm32f10x_sdio.o(i.SDIO_GetCommandResponse)
    i.SDIO_GetFlagStatus                     0x08000c78   Section       20  stm32f10x_sdio.o(i.SDIO_GetFlagStatus)
    i.SDIO_GetITStatus                       0x08000c8c   Section       20  stm32f10x_sdio.o(i.SDIO_GetITStatus)
    i.SDIO_GetPowerState                     0x08000ca0   Section       16  stm32f10x_sdio.o(i.SDIO_GetPowerState)
    i.SDIO_GetResponse                       0x08000cb0   Section       12  stm32f10x_sdio.o(i.SDIO_GetResponse)
    i.SDIO_IRQHandler                        0x08000cbc   Section        4  stm32f10x_it.o(i.SDIO_IRQHandler)
    i.SDIO_ITConfig                          0x08000cc0   Section       24  stm32f10x_sdio.o(i.SDIO_ITConfig)
    i.SDIO_Init                              0x08000cd8   Section       44  stm32f10x_sdio.o(i.SDIO_Init)
    i.SDIO_ReadData                          0x08000d04   Section       12  stm32f10x_sdio.o(i.SDIO_ReadData)
    i.SDIO_SendCommand                       0x08000d10   Section       40  stm32f10x_sdio.o(i.SDIO_SendCommand)
    i.SDIO_SetPowerState                     0x08000d38   Section       24  stm32f10x_sdio.o(i.SDIO_SetPowerState)
    i.SDIO_WriteData                         0x08000d50   Section       12  stm32f10x_sdio.o(i.SDIO_WriteData)
    i.SD_DMAEndOfTransferStatus              0x08000d5c   Section       12  sdio_sdcard.o(i.SD_DMAEndOfTransferStatus)
    i.SD_EnableWideBusOperation              0x08000d68   Section      120  sdio_sdcard.o(i.SD_EnableWideBusOperation)
    i.SD_GetCardInfo                         0x08000de0   Section      580  sdio_sdcard.o(i.SD_GetCardInfo)
    i.SD_Init                                0x08001024   Section      108  sdio_sdcard.o(i.SD_Init)
    i.SD_InitializeCards                     0x08001090   Section      260  sdio_sdcard.o(i.SD_InitializeCards)
    i.SD_LowLevel_DMA_RxConfig               0x08001194   Section       92  sdio_sdcard.o(i.SD_LowLevel_DMA_RxConfig)
    i.SD_LowLevel_DMA_TxConfig               0x080011f0   Section       96  sdio_sdcard.o(i.SD_LowLevel_DMA_TxConfig)
    i.SD_LowLevel_Init                       0x08001250   Section      104  sdio_sdcard.o(i.SD_LowLevel_Init)
    i.SD_PowerON                             0x080012b8   Section      464  sdio_sdcard.o(i.SD_PowerON)
    i.SD_ProcessIRQSrc                       0x08001488   Section      412  sdio_sdcard.o(i.SD_ProcessIRQSrc)
    i.SD_ReadBlock                           0x08001624   Section      516  sdio_sdcard.o(i.SD_ReadBlock)
    i.SD_SelectDeselect                      0x08001828   Section       44  sdio_sdcard.o(i.SD_SelectDeselect)
    i.SD_SetDeviceMode                       0x08001854   Section       28  sdio_sdcard.o(i.SD_SetDeviceMode)
    i.SD_StopTransfer                        0x08001870   Section       40  sdio_sdcard.o(i.SD_StopTransfer)
    i.SD_TEST                                0x08001898   Section      144  main.o(i.SD_TEST)
    i.SD_WriteBlock                          0x08001928   Section      684  sdio_sdcard.o(i.SD_WriteBlock)
    i.SPI1_Configeration                     0x08001bd4   Section      168  main.o(i.SPI1_Configeration)
    i.SPI1_SendByte                          0x08001c7c   Section       76  main.o(i.SPI1_SendByte)
    i.SPI_Cmd                                0x08001cc8   Section       20  stm32f10x_spi.o(i.SPI_Cmd)
    i.SPI_I2S_GetFlagStatus                  0x08001cdc   Section       14  stm32f10x_spi.o(i.SPI_I2S_GetFlagStatus)
    i.SPI_I2S_ReceiveData                    0x08001cea   Section        4  stm32f10x_spi.o(i.SPI_I2S_ReceiveData)
    i.SPI_I2S_SendData                       0x08001cee   Section        4  stm32f10x_spi.o(i.SPI_I2S_SendData)
    i.SPI_Init                               0x08001cf2   Section       56  stm32f10x_spi.o(i.SPI_Init)
    i.SPI_VS1003_Init                        0x08001d2c   Section      232  vs1003.o(i.SPI_VS1003_Init)
    i.SVC_Handler                            0x08001e14   Section        2  stm32f10x_it.o(i.SVC_Handler)
    i.SetSysClockTo72                        0x08001e18   Section      144  system_stm32f10x.o(i.SetSysClockTo72)
    SetSysClockTo72                          0x08001e19   Thumb Code   136  system_stm32f10x.o(i.SetSysClockTo72)
    i.SysTick_Handler                        0x08001ea8   Section        4  stm32f10x_it.o(i.SysTick_Handler)
    i.SystemInit                             0x08001eac   Section       80  system_stm32f10x.o(i.SystemInit)
    i.TimingDelay_Decrement                  0x08001efc   Section       20  main.o(i.TimingDelay_Decrement)
    i.USART_Cmd                              0x08001f10   Section       20  stm32f10x_usart.o(i.USART_Cmd)
    i.USART_GetFlagStatus                    0x08001f24   Section       14  stm32f10x_usart.o(i.USART_GetFlagStatus)
    i.USART_Init                             0x08001f34   Section      180  stm32f10x_usart.o(i.USART_Init)
    i.USART_OUT                              0x08001fe8   Section      174  main.o(i.USART_OUT)
    i.USART_SendData                         0x08002096   Section        8  stm32f10x_usart.o(i.USART_SendData)
    i.UsageFault_Handler                     0x0800209e   Section        2  stm32f10x_it.o(i.UsageFault_Handler)
    i.Usart1_Init                            0x080020a0   Section      160  main.o(i.Usart1_Init)
    i.VS1003_WriteByte                       0x08002140   Section       52  vs1003.o(i.VS1003_WriteByte)
    i.VS1003_WriteReg                        0x08002174   Section       76  vs1003.o(i.VS1003_WriteReg)
    i.VS1003_start                           0x080021c0   Section      148  vs1003.o(i.VS1003_start)
    i.__scatterload_copy                     0x08002254   Section       14  handlers.o(i.__scatterload_copy)
    i.__scatterload_null                     0x08002262   Section        2  handlers.o(i.__scatterload_null)
    i.__scatterload_zeroinit                 0x08002264   Section       14  handlers.o(i.__scatterload_zeroinit)
    i.check_fs                               0x08002274   Section       92  ff.o(i.check_fs)
    check_fs                                 0x08002275   Thumb Code    86  ff.o(i.check_fs)
    i.chk_chr                                0x080022d0   Section       16  ff.o(i.chk_chr)
    chk_chr                                  0x080022d1   Thumb Code    16  ff.o(i.chk_chr)
    i.chk_mounted                            0x080022e0   Section      536  ff.o(i.chk_mounted)
    chk_mounted                              0x080022e1   Thumb Code   524  ff.o(i.chk_mounted)
    i.clust2sect                             0x080024f8   Section       24  ff.o(i.clust2sect)
    i.convert_from_bytes_to_power_of_two     0x08002510   Section       18  sdio_sdcard.o(i.convert_from_bytes_to_power_of_two)
    convert_from_bytes_to_power_of_two       0x08002511   Thumb Code    18  sdio_sdcard.o(i.convert_from_bytes_to_power_of_two)
    i.create_chain                           0x08002522   Section      152  ff.o(i.create_chain)
    create_chain                             0x08002523   Thumb Code   152  ff.o(i.create_chain)
    i.create_name                            0x080025bc   Section      548  ff.o(i.create_name)
    create_name                              0x080025bd   Thumb Code   526  ff.o(i.create_name)
    i.dir_find                               0x080027e0   Section      292  ff.o(i.dir_find)
    dir_find                                 0x080027e1   Thumb Code   288  ff.o(i.dir_find)
    i.dir_next                               0x08002904   Section      234  ff.o(i.dir_next)
    dir_next                                 0x08002905   Thumb Code   234  ff.o(i.dir_next)
    i.dir_read                               0x080029f0   Section      236  ff.o(i.dir_read)
    dir_read                                 0x080029f1   Thumb Code   230  ff.o(i.dir_read)
    i.dir_register                           0x08002adc   Section      428  ff.o(i.dir_register)
    dir_register                             0x08002add   Thumb Code   424  ff.o(i.dir_register)
    i.dir_sdi                                0x08002c88   Section      126  ff.o(i.dir_sdi)
    dir_sdi                                  0x08002c89   Thumb Code   126  ff.o(i.dir_sdi)
    i.disk_initialize                        0x08002d06   Section        4  diskio.o(i.disk_initialize)
    i.disk_ioctl                             0x08002d0a   Section        4  diskio.o(i.disk_ioctl)
    i.disk_read                              0x08002d0e   Section       20  diskio.o(i.disk_read)
    i.disk_status                            0x08002d22   Section        4  diskio.o(i.disk_status)
    i.disk_write                             0x08002d26   Section       20  diskio.o(i.disk_write)
    i.f_close                                0x08002d3a   Section       18  ff.o(i.f_close)
    i.f_mount                                0x08002d4c   Section       32  ff.o(i.f_mount)
    i.f_open                                 0x08002d6c   Section      320  ff.o(i.f_open)
    i.f_opendir                              0x08002eac   Section      100  ff.o(i.f_opendir)
    i.f_read                                 0x08002f10   Section      316  ff.o(i.f_read)
    i.f_readdir                              0x0800304c   Section       84  ff.o(i.f_readdir)
    i.f_sync                                 0x080030a0   Section      152  ff.o(i.f_sync)
    i.ff_convert                             0x08003138   Section       76  cc936.o(i.ff_convert)
    i.ff_wtoupper                            0x08003184   Section       44  cc936.o(i.ff_wtoupper)
    i.follow_path                            0x080031b0   Section      102  ff.o(i.follow_path)
    follow_path                              0x080031b1   Thumb Code   102  ff.o(i.follow_path)
    i.gen_numname                            0x08003218   Section      122  ff.o(i.gen_numname)
    i.get_fat                                0x08003292   Section      182  ff.o(i.get_fat)
    i.get_fattime                            0x08003348   Section        4  diskio.o(i.get_fattime)
    i.get_fileinfo                           0x0800334c   Section      218  ff.o(i.get_fileinfo)
    get_fileinfo                             0x0800334d   Thumb Code   218  ff.o(i.get_fileinfo)
    i.itoa                                   0x08003428   Section       90  main.o(i.itoa)
    i.ld_clust                               0x08003482   Section       18  ff.o(i.ld_clust)
    ld_clust                                 0x08003483   Thumb Code    18  ff.o(i.ld_clust)
    i.main                                   0x08003494   Section       72  main.o(i.main)
    i.mem_cpy                                0x080034dc   Section       20  ff.o(i.mem_cpy)
    mem_cpy                                  0x080034dd   Thumb Code    20  ff.o(i.mem_cpy)
    i.mem_set                                0x080034f0   Section       14  ff.o(i.mem_set)
    mem_set                                  0x080034f1   Thumb Code    14  ff.o(i.mem_set)
    i.move_window                            0x080034fe   Section      106  ff.o(i.move_window)
    move_window                              0x080034ff   Thumb Code   106  ff.o(i.move_window)
    i.put_fat                                0x08003568   Section      238  ff.o(i.put_fat)
    i.remove_chain                           0x08003656   Section       96  ff.o(i.remove_chain)
    remove_chain                             0x08003657   Thumb Code    96  ff.o(i.remove_chain)
    i.st_clust                               0x080036b6   Section       16  ff.o(i.st_clust)
    st_clust                                 0x080036b7   Thumb Code    16  ff.o(i.st_clust)
    i.sum_sfn                                0x080036c6   Section       26  ff.o(i.sum_sfn)
    sum_sfn                                  0x080036c7   Thumb Code    26  ff.o(i.sum_sfn)
    i.sync                                   0x080036e0   Section      184  ff.o(i.sync)
    sync                                     0x080036e1   Thumb Code   184  ff.o(i.sync)
    i.validate                               0x08003798   Section       36  ff.o(i.validate)
    validate                                 0x08003799   Thumb Code    36  ff.o(i.validate)
    .constdata                               0x080037bc   Section       13  ff.o(.constdata)
    LfnOfs                                   0x080037bc   Data          13  ff.o(.constdata)
    .constdata                               0x080037ca   Section    175304  cc936.o(.constdata)
    uni2oem                                  0x080037ca   Data       87172  cc936.o(.constdata)
    oem2uni                                  0x08018c4e   Data       87172  cc936.o(.constdata)
    tbl_lower                                0x0802e0d2   Data         480  cc936.o(.constdata)
    tbl_upper                                0x0802e2b2   Data         480  cc936.o(.constdata)
    .data                                    0x20000000   Section       16  main.o(.data)
    .data                                    0x20000010   Section        2  vs1003.o(.data)
    .data                                    0x20000014   Section       40  sdio_sdcard.o(.data)
    CardType                                 0x20000018   Data           4  sdio_sdcard.o(.data)
    RCA                                      0x2000001c   Data           4  sdio_sdcard.o(.data)
    DeviceMode                               0x20000020   Data           4  sdio_sdcard.o(.data)
    TotalNumberOfBytes                       0x20000024   Data           4  sdio_sdcard.o(.data)
    StopCondition                            0x20000028   Data           4  sdio_sdcard.o(.data)
    .data                                    0x2000003c   Section       20  stm32f10x_rcc.o(.data)
    ADCPrescTable                            0x2000003c   Data           4  stm32f10x_rcc.o(.data)
    APBAHBPrescTable                         0x20000040   Data          16  stm32f10x_rcc.o(.data)
    .data                                    0x20000050   Section        8  ff.o(.data)
    Fsid                                     0x20000050   Data           2  ff.o(.data)
    FatFs                                    0x20000054   Data           4  ff.o(.data)
    .bss                                     0x20000058   Section     4260  main.o(.bss)
    lfn                                      0x20000058   Data         511  main.o(.bss)
    .bss                                     0x200010fc   Section      100  sdio_sdcard.o(.bss)
    CSD_Tab                                  0x200010fc   Data          16  sdio_sdcard.o(.bss)
    CID_Tab                                  0x2000110c   Data          16  sdio_sdcard.o(.bss)
    .bss                                     0x20001160   Section      512  ff.o(.bss)
    LfnBuf                                   0x20001160   Data         512  ff.o(.bss)
    STACK                                    0x20001360   Section     1024  startup_stm32f10x_hd.o(STACK)

    Global Symbols

    Symbol Name                              Value     Ov Type        Size  Object(Section)

    BuildAttributes$$THM_ISAv4$P$D$K$B$S$PE$A:L22UL41UL21$X:L11$S22US41US21$IEEE1$IW$USESV6$~STKCKD$USESV7$~SHL$OSPACE$EBA8$MICROLIB$REQ8$PRES8$EABIv2 0x00000000   Number         0  anon$$obj.o ABSOLUTE
    __ARM_use_no_argv                        0x00000000   Number         0  main.o ABSOLUTE
    __decompress                              - Undefined Weak Reference
    __Vectors_Size                           0x00000130   Number         0  startup_stm32f10x_hd.o ABSOLUTE
    __Vectors                                0x08000000   Data           4  startup_stm32f10x_hd.o(RESET)
    __Vectors_End                            0x08000130   Data           0  startup_stm32f10x_hd.o(RESET)
    __main                                   0x08000131   Thumb Code     0  entry.o(.ARM.Collect$$$$00000000)
    _main_stk                                0x08000131   Thumb Code     0  entry2.o(.ARM.Collect$$$$00000001)
    _main_scatterload                        0x08000135   Thumb Code     0  entry5.o(.ARM.Collect$$$$00000004)
    __main_after_scatterload                 0x08000139   Thumb Code     0  entry5.o(.ARM.Collect$$$$00000004)
    _main_init                               0x08000139   Thumb Code     0  entry7.o(.ARM.Collect$$$$00000007)
    Reset_Handler                            0x08000145   Thumb Code     8  startup_stm32f10x_hd.o(.text)
    ADC1_2_IRQHandler                        0x0800015f   Thumb Code     0  startup_stm32f10x_hd.o(.text)
    ADC3_IRQHandler                          0x0800015f   Thumb Code     0  startup_stm32f10x_hd.o(.text)
    CAN1_RX1_IRQHandler                      0x0800015f   Thumb Code     0  startup_stm32f10x_hd.o(.text)
    CAN1_SCE_IRQHandler                      0x0800015f   Thumb Code     0  startup_stm32f10x_hd.o(.text)
    DMA1_Channel1_IRQHandler                 0x0800015f   Thumb Code     0  startup_stm32f10x_hd.o(.text)
    DMA1_Channel2_IRQHandler                 0x0800015f   Thumb Code     0  startup_stm32f10x_hd.o(.text)
    DMA1_Channel3_IRQHandler                 0x0800015f   Thumb Code     0  startup_stm32f10x_hd.o(.text)
    DMA1_Channel4_IRQHandler                 0x0800015f   Thumb Code     0  startup_stm32f10x_hd.o(.text)
    DMA1_Channel5_IRQHandler                 0x0800015f   Thumb Code     0  startup_stm32f10x_hd.o(.text)
    DMA1_Channel6_IRQHandler                 0x0800015f   Thumb Code     0  startup_stm32f10x_hd.o(.text)
    DMA1_Channel7_IRQHandler                 0x0800015f   Thumb Code     0  startup_stm32f10x_hd.o(.text)
    DMA2_Channel1_IRQHandler                 0x0800015f   Thumb Code     0  startup_stm32f10x_hd.o(.text)
    DMA2_Channel2_IRQHandler                 0x0800015f   Thumb Code     0  startup_stm32f10x_hd.o(.text)
    DMA2_Channel3_IRQHandler                 0x0800015f   Thumb Code     0  startup_stm32f10x_hd.o(.text)
    DMA2_Channel4_5_IRQHandler               0x0800015f   Thumb Code     0  startup_stm32f10x_hd.o(.text)
    EXTI0_IRQHandler                         0x0800015f   Thumb Code     0  startup_stm32f10x_hd.o(.text)
    EXTI15_10_IRQHandler                     0x0800015f   Thumb Code     0  startup_stm32f10x_hd.o(.text)
    EXTI1_IRQHandler                         0x0800015f   Thumb Code     0  startup_stm32f10x_hd.o(.text)
    EXTI2_IRQHandler                         0x0800015f   Thumb Code     0  startup_stm32f10x_hd.o(.text)
    EXTI3_IRQHandler                         0x0800015f   Thumb Code     0  startup_stm32f10x_hd.o(.text)
    EXTI4_IRQHandler                         0x0800015f   Thumb Code     0  startup_stm32f10x_hd.o(.text)
    EXTI9_5_IRQHandler                       0x0800015f   Thumb Code     0  startup_stm32f10x_hd.o(.text)
    FLASH_IRQHandler                         0x0800015f   Thumb Code     0  startup_stm32f10x_hd.o(.text)
    FSMC_IRQHandler                          0x0800015f   Thumb Code     0  startup_stm32f10x_hd.o(.text)
    I2C1_ER_IRQHandler                       0x0800015f   Thumb Code     0  startup_stm32f10x_hd.o(.text)
    I2C1_EV_IRQHandler                       0x0800015f   Thumb Code     0  startup_stm32f10x_hd.o(.text)
    I2C2_ER_IRQHandler                       0x0800015f   Thumb Code     0  startup_stm32f10x_hd.o(.text)
    I2C2_EV_IRQHandler                       0x0800015f   Thumb Code     0  startup_stm32f10x_hd.o(.text)
    PVD_IRQHandler                           0x0800015f   Thumb Code     0  startup_stm32f10x_hd.o(.text)
    RCC_IRQHandler                           0x0800015f   Thumb Code     0  startup_stm32f10x_hd.o(.text)
    RTCAlarm_IRQHandler                      0x0800015f   Thumb Code     0  startup_stm32f10x_hd.o(.text)
    RTC_IRQHandler                           0x0800015f   Thumb Code     0  startup_stm32f10x_hd.o(.text)
    SPI1_IRQHandler                          0x0800015f   Thumb Code     0  startup_stm32f10x_hd.o(.text)
    SPI2_IRQHandler                          0x0800015f   Thumb Code     0  startup_stm32f10x_hd.o(.text)
    SPI3_IRQHandler                          0x0800015f   Thumb Code     0  startup_stm32f10x_hd.o(.text)
    TAMPER_IRQHandler                        0x0800015f   Thumb Code     0  startup_stm32f10x_hd.o(.text)
    TIM1_BRK_IRQHandler                      0x0800015f   Thumb Code     0  startup_stm32f10x_hd.o(.text)
    TIM1_CC_IRQHandler                       0x0800015f   Thumb Code     0  startup_stm32f10x_hd.o(.text)
    TIM1_TRG_COM_IRQHandler                  0x0800015f   Thumb Code     0  startup_stm32f10x_hd.o(.text)
    TIM1_UP_IRQHandler                       0x0800015f   Thumb Code     0  startup_stm32f10x_hd.o(.text)
    TIM2_IRQHandler                          0x0800015f   Thumb Code     0  startup_stm32f10x_hd.o(.text)
    TIM3_IRQHandler                          0x0800015f   Thumb Code     0  startup_stm32f10x_hd.o(.text)
    TIM4_IRQHandler                          0x0800015f   Thumb Code     0  startup_stm32f10x_hd.o(.text)
    TIM5_IRQHandler                          0x0800015f   Thumb Code     0  startup_stm32f10x_hd.o(.text)
    TIM6_IRQHandler                          0x0800015f   Thumb Code     0  startup_stm32f10x_hd.o(.text)
    TIM7_IRQHandler                          0x0800015f   Thumb Code     0  startup_stm32f10x_hd.o(.text)
    TIM8_BRK_IRQHandler                      0x0800015f   Thumb Code     0  startup_stm32f10x_hd.o(.text)
    TIM8_CC_IRQHandler                       0x0800015f   Thumb Code     0  startup_stm32f10x_hd.o(.text)
    TIM8_TRG_COM_IRQHandler                  0x0800015f   Thumb Code     0  startup_stm32f10x_hd.o(.text)
    TIM8_UP_IRQHandler                       0x0800015f   Thumb Code     0  startup_stm32f10x_hd.o(.text)
    UART4_IRQHandler                         0x0800015f   Thumb Code     0  startup_stm32f10x_hd.o(.text)
    UART5_IRQHandler                         0x0800015f   Thumb Code     0  startup_stm32f10x_hd.o(.text)
    USART1_IRQHandler                        0x0800015f   Thumb Code     0  startup_stm32f10x_hd.o(.text)
    USART2_IRQHandler                        0x0800015f   Thumb Code     0  startup_stm32f10x_hd.o(.text)
    USART3_IRQHandler                        0x0800015f   Thumb Code     0  startup_stm32f10x_hd.o(.text)
    USBWakeUp_IRQHandler                     0x0800015f   Thumb Code     0  startup_stm32f10x_hd.o(.text)
    USB_HP_CAN1_TX_IRQHandler                0x0800015f   Thumb Code     0  startup_stm32f10x_hd.o(.text)
    USB_LP_CAN1_RX0_IRQHandler               0x0800015f   Thumb Code     0  startup_stm32f10x_hd.o(.text)
    WWDG_IRQHandler                          0x0800015f   Thumb Code     0  startup_stm32f10x_hd.o(.text)
    __aeabi_memset                           0x08000169   Thumb Code    14  memseta.o(.text)
    __aeabi_memset4                          0x08000169   Thumb Code     0  memseta.o(.text)
    __aeabi_memset8                          0x08000169   Thumb Code     0  memseta.o(.text)
    __aeabi_memclr                           0x08000177   Thumb Code     4  memseta.o(.text)
    __aeabi_memclr4                          0x08000177   Thumb Code     0  memseta.o(.text)
    __aeabi_memclr8                          0x08000177   Thumb Code     0  memseta.o(.text)
    _memset$wrapper                          0x0800017b   Thumb Code    20  memseta.o(.text)
    strstr                                   0x0800018f   Thumb Code    44  strstr.o(.text)
    __scatterload                            0x080001bd   Thumb Code    28  init.o(.text)
    __scatterload_rt2                        0x080001bd   Thumb Code     0  init.o(.text)
    BusFault_Handler                         0x080001e1   Thumb Code     2  stm32f10x_it.o(i.BusFault_Handler)
    DMA_ClearFlag                            0x08000371   Thumb Code    16  stm32f10x_dma.o(i.DMA_ClearFlag)
    DMA_Cmd                                  0x08000385   Thumb Code    22  stm32f10x_dma.o(i.DMA_Cmd)
    DMA_GetFlagStatus                        0x0800039d   Thumb Code    26  stm32f10x_dma.o(i.DMA_GetFlagStatus)
    DMA_Init                                 0x080003bd   Thumb Code    58  stm32f10x_dma.o(i.DMA_Init)
    DebugMon_Handler                         0x080003f7   Thumb Code     2  stm32f10x_it.o(i.DebugMon_Handler)
    Delay_us                                 0x080003f9   Thumb Code    12  main.o(i.Delay_us)
    GPIO_Init                                0x08000551   Thumb Code   158  stm32f10x_gpio.o(i.GPIO_Init)
    GPIO_ReadInputDataBit                    0x080005ef   Thumb Code    14  stm32f10x_gpio.o(i.GPIO_ReadInputDataBit)
    GPIO_ResetBits                           0x080005fd   Thumb Code     4  stm32f10x_gpio.o(i.GPIO_ResetBits)
    GPIO_SetBits                             0x08000601   Thumb Code     4  stm32f10x_gpio.o(i.GPIO_SetBits)
    HardFault_Handler                        0x08000605   Thumb Code     2  stm32f10x_it.o(i.HardFault_Handler)
    LED_Config                               0x08000721   Thumb Code    36  main.o(i.LED_Config)
    MemManage_Handler                        0x0800074d   Thumb Code     2  stm32f10x_it.o(i.MemManage_Handler)
    NMI_Handler                              0x0800074f   Thumb Code     2  stm32f10x_it.o(i.NMI_Handler)
    NVIC_Configuration                       0x08000751   Thumb Code    40  main.o(i.NVIC_Configuration)
    NVIC_Init                                0x08000779   Thumb Code    92  misc.o(i.NVIC_Init)
    NVIC_PriorityGroupConfig                 0x080007d5   Thumb Code    10  misc.o(i.NVIC_PriorityGroupConfig)
    PendSV_Handler                           0x080007e9   Thumb Code     2  stm32f10x_it.o(i.PendSV_Handler)
    Play_Music                               0x080007ed   Thumb Code   450  main.o(i.Play_Music)
    RCC_AHBPeriphClockCmd                    0x08000a3d   Thumb Code    18  stm32f10x_rcc.o(i.RCC_AHBPeriphClockCmd)
    RCC_APB1PeriphClockCmd                   0x08000a55   Thumb Code    18  stm32f10x_rcc.o(i.RCC_APB1PeriphClockCmd)
    RCC_APB2PeriphClockCmd                   0x08000a6d   Thumb Code    18  stm32f10x_rcc.o(i.RCC_APB2PeriphClockCmd)
    RCC_Configuration                        0x08000a85   Thumb Code    26  main.o(i.RCC_Configuration)
    RCC_GetClocksFreq                        0x08000aa1   Thumb Code   132  stm32f10x_rcc.o(i.RCC_GetClocksFreq)
    SDIO_ClearFlag                           0x08000bed   Thumb Code     6  stm32f10x_sdio.o(i.SDIO_ClearFlag)
    SDIO_ClearITPendingBit                   0x08000bf9   Thumb Code     6  stm32f10x_sdio.o(i.SDIO_ClearITPendingBit)
    SDIO_ClockCmd                            0x08000c05   Thumb Code     6  stm32f10x_sdio.o(i.SDIO_ClockCmd)
    SDIO_DMACmd                              0x08000c11   Thumb Code     6  stm32f10x_sdio.o(i.SDIO_DMACmd)
    SDIO_DataConfig                          0x08000c1d   Thumb Code    38  stm32f10x_sdio.o(i.SDIO_DataConfig)
    SDIO_DeInit                              0x08000c49   Thumb Code    26  stm32f10x_sdio.o(i.SDIO_DeInit)
    SDIO_GetCommandResponse                  0x08000c6d   Thumb Code     8  stm32f10x_sdio.o(i.SDIO_GetCommandResponse)
    SDIO_GetFlagStatus                       0x08000c79   Thumb Code    16  stm32f10x_sdio.o(i.SDIO_GetFlagStatus)
    SDIO_GetITStatus                         0x08000c8d   Thumb Code    16  stm32f10x_sdio.o(i.SDIO_GetITStatus)
    SDIO_GetPowerState                       0x08000ca1   Thumb Code    10  stm32f10x_sdio.o(i.SDIO_GetPowerState)
    SDIO_GetResponse                         0x08000cb1   Thumb Code     6  stm32f10x_sdio.o(i.SDIO_GetResponse)
    SDIO_IRQHandler                          0x08000cbd   Thumb Code     4  stm32f10x_it.o(i.SDIO_IRQHandler)
    SDIO_ITConfig                            0x08000cc1   Thumb Code    18  stm32f10x_sdio.o(i.SDIO_ITConfig)
    SDIO_Init                                0x08000cd9   Thumb Code    38  stm32f10x_sdio.o(i.SDIO_Init)
    SDIO_ReadData                            0x08000d05   Thumb Code     6  stm32f10x_sdio.o(i.SDIO_ReadData)
    SDIO_SendCommand                         0x08000d11   Thumb Code    34  stm32f10x_sdio.o(i.SDIO_SendCommand)
    SDIO_SetPowerState                       0x08000d39   Thumb Code    18  stm32f10x_sdio.o(i.SDIO_SetPowerState)
    SDIO_WriteData                           0x08000d51   Thumb Code     6  stm32f10x_sdio.o(i.SDIO_WriteData)
    SD_DMAEndOfTransferStatus                0x08000d5d   Thumb Code     6  sdio_sdcard.o(i.SD_DMAEndOfTransferStatus)
    SD_EnableWideBusOperation                0x08000d69   Thumb Code   110  sdio_sdcard.o(i.SD_EnableWideBusOperation)
    SD_GetCardInfo                           0x08000de1   Thumb Code   570  sdio_sdcard.o(i.SD_GetCardInfo)
    SD_Init                                  0x08001025   Thumb Code    98  sdio_sdcard.o(i.SD_Init)
    SD_InitializeCards                       0x08001091   Thumb Code   250  sdio_sdcard.o(i.SD_InitializeCards)
    SD_LowLevel_DMA_RxConfig                 0x08001195   Thumb Code    80  sdio_sdcard.o(i.SD_LowLevel_DMA_RxConfig)
    SD_LowLevel_DMA_TxConfig                 0x080011f1   Thumb Code    82  sdio_sdcard.o(i.SD_LowLevel_DMA_TxConfig)
    SD_LowLevel_Init                         0x08001251   Thumb Code    92  sdio_sdcard.o(i.SD_LowLevel_Init)
    SD_PowerON                               0x080012b9   Thumb Code   448  sdio_sdcard.o(i.SD_PowerON)
    SD_ProcessIRQSrc                         0x08001489   Thumb Code   408  sdio_sdcard.o(i.SD_ProcessIRQSrc)
    SD_ReadBlock                             0x08001625   Thumb Code   498  sdio_sdcard.o(i.SD_ReadBlock)
    SD_SelectDeselect                        0x08001829   Thumb Code    40  sdio_sdcard.o(i.SD_SelectDeselect)
    SD_SetDeviceMode                         0x08001855   Thumb Code    24  sdio_sdcard.o(i.SD_SetDeviceMode)
    SD_StopTransfer                          0x08001871   Thumb Code    36  sdio_sdcard.o(i.SD_StopTransfer)
    SD_TEST                                  0x08001899   Thumb Code    92  main.o(i.SD_TEST)
    SD_WriteBlock                            0x08001929   Thumb Code   668  sdio_sdcard.o(i.SD_WriteBlock)
    SPI1_Configeration                       0x08001bd5   Thumb Code   158  main.o(i.SPI1_Configeration)
    SPI1_SendByte                            0x08001c7d   Thumb Code    66  main.o(i.SPI1_SendByte)
    SPI_Cmd                                  0x08001cc9   Thumb Code    20  stm32f10x_spi.o(i.SPI_Cmd)
    SPI_I2S_GetFlagStatus                    0x08001cdd   Thumb Code    14  stm32f10x_spi.o(i.SPI_I2S_GetFlagStatus)
    SPI_I2S_ReceiveData                      0x08001ceb   Thumb Code     4  stm32f10x_spi.o(i.SPI_I2S_ReceiveData)
    SPI_I2S_SendData                         0x08001cef   Thumb Code     4  stm32f10x_spi.o(i.SPI_I2S_SendData)
    SPI_Init                                 0x08001cf3   Thumb Code    56  stm32f10x_spi.o(i.SPI_Init)
    SPI_VS1003_Init                          0x08001d2d   Thumb Code   214  vs1003.o(i.SPI_VS1003_Init)
    SVC_Handler                              0x08001e15   Thumb Code     2  stm32f10x_it.o(i.SVC_Handler)
    SysTick_Handler                          0x08001ea9   Thumb Code     4  stm32f10x_it.o(i.SysTick_Handler)
    SystemInit                               0x08001ead   Thumb Code    64  system_stm32f10x.o(i.SystemInit)
    TimingDelay_Decrement                    0x08001efd   Thumb Code    16  main.o(i.TimingDelay_Decrement)
    USART_Cmd                                0x08001f11   Thumb Code    20  stm32f10x_usart.o(i.USART_Cmd)
    USART_GetFlagStatus                      0x08001f25   Thumb Code    14  stm32f10x_usart.o(i.USART_GetFlagStatus)
    USART_Init                               0x08001f35   Thumb Code   174  stm32f10x_usart.o(i.USART_Init)
    USART_OUT                                0x08001fe9   Thumb Code   174  main.o(i.USART_OUT)
    USART_SendData                           0x08002097   Thumb Code     8  stm32f10x_usart.o(i.USART_SendData)
    UsageFault_Handler                       0x0800209f   Thumb Code     2  stm32f10x_it.o(i.UsageFault_Handler)
    Usart1_Init                              0x080020a1   Thumb Code   148  main.o(i.Usart1_Init)
    VS1003_WriteByte                         0x08002141   Thumb Code    48  vs1003.o(i.VS1003_WriteByte)
    VS1003_WriteReg                          0x08002175   Thumb Code    66  vs1003.o(i.VS1003_WriteReg)
    VS1003_start                             0x080021c1   Thumb Code   134  vs1003.o(i.VS1003_start)
    __scatterload_copy                       0x08002255   Thumb Code    14  handlers.o(i.__scatterload_copy)
    __scatterload_null                       0x08002263   Thumb Code     2  handlers.o(i.__scatterload_null)
    __scatterload_zeroinit                   0x08002265   Thumb Code    14  handlers.o(i.__scatterload_zeroinit)
    clust2sect                               0x080024f9   Thumb Code    24  ff.o(i.clust2sect)
    disk_initialize                          0x08002d07   Thumb Code     4  diskio.o(i.disk_initialize)
    disk_ioctl                               0x08002d0b   Thumb Code     4  diskio.o(i.disk_ioctl)
    disk_read                                0x08002d0f   Thumb Code    20  diskio.o(i.disk_read)
    disk_status                              0x08002d23   Thumb Code     4  diskio.o(i.disk_status)
    disk_write                               0x08002d27   Thumb Code    20  diskio.o(i.disk_write)
    f_close                                  0x08002d3b   Thumb Code    18  ff.o(i.f_close)
    f_mount                                  0x08002d4d   Thumb Code    26  ff.o(i.f_mount)
    f_open                                   0x08002d6d   Thumb Code   314  ff.o(i.f_open)
    f_opendir                                0x08002ead   Thumb Code    94  ff.o(i.f_opendir)
    f_read                                   0x08002f11   Thumb Code   316  ff.o(i.f_read)
    f_readdir                                0x0800304d   Thumb Code    80  ff.o(i.f_readdir)
    f_sync                                   0x080030a1   Thumb Code   152  ff.o(i.f_sync)
    ff_convert                               0x08003139   Thumb Code    68  cc936.o(i.ff_convert)
    ff_wtoupper                              0x08003185   Thumb Code    34  cc936.o(i.ff_wtoupper)
    gen_numname                              0x08003219   Thumb Code   122  ff.o(i.gen_numname)
    get_fat                                  0x08003293   Thumb Code   182  ff.o(i.get_fat)
    get_fattime                              0x08003349   Thumb Code     4  diskio.o(i.get_fattime)
    itoa                                     0x08003429   Thumb Code    90  main.o(i.itoa)
    main                                     0x08003495   Thumb Code    68  main.o(i.main)
    put_fat                                  0x08003569   Thumb Code   238  ff.o(i.put_fat)
    Region$$Table$$Base                      0x0802e494   Number         0  anon$$obj.o(Region$$Table)
    Region$$Table$$Limit                     0x0802e4b4   Number         0  anon$$obj.o(Region$$Table)
    Status                                   0x20000000   Data           1  main.o(.data)
    res                                      0x20000001   Data           1  main.o(.data)
    TimingDelay                              0x20000004   Data           4  main.o(.data)
    GPIO_InitStructure                       0x20000008   Data           4  main.o(.data)
    br                                       0x2000000c   Data           4  main.o(.data)
    BassEnhanceValue                         0x20000010   Data           1  vs1003.o(.data)
    TrebleEnhanceValue                       0x20000011   Data           1  vs1003.o(.data)
    TransferError                            0x20000014   Data           1  sdio_sdcard.o(.data)
    TransferEnd                              0x2000002c   Data           4  sdio_sdcard.o(.data)
    NumberOfBytes                            0x20000030   Data           4  sdio_sdcard.o(.data)
    SrcBuffer                                0x20000034   Data           4  sdio_sdcard.o(.data)
    DestBuffer                               0x20000038   Data           4  sdio_sdcard.o(.data)
    SDCardInfo                               0x20000258   Data          80  main.o(.bss)
    Buffer_Block_Rx                          0x200002a8   Data        2048  main.o(.bss)
    fs                                       0x20000aa8   Data         560  main.o(.bss)
    fsrc                                     0x20000cd8   Data         548  main.o(.bss)
    buffer                                   0x20000efc   Data         512  main.o(.bss)
    SDIO_InitStructure                       0x2000111c   Data          24  sdio_sdcard.o(.bss)
    SDIO_CmdInitStructure                    0x20001134   Data          20  sdio_sdcard.o(.bss)
    SDIO_DataInitStructure                   0x20001148   Data          24  sdio_sdcard.o(.bss)
    __initial_sp                             0x20001760   Data           0  startup_stm32f10x_hd.o(STACK)



==============================================================================

Memory Map of the image

  Image Entry point : 0x08000131

  Load Region LR_IROM1 (Base: 0x08000000, Size: 0x0002e50c, Max: 0x00080000, ABSOLUTE)

    Execution Region ER_IROM1 (Base: 0x08000000, Size: 0x0002e4b4, Max: 0x00080000, ABSOLUTE)

    Base Addr    Size         Type   Attr      Idx    E Section Name        Object

    0x08000000   0x00000130   Data   RO         1440    RESET               startup_stm32f10x_hd.o
    0x08000130   0x00000000   Code   RO         1828  * .ARM.Collect$$$$00000000  entry.o(mc_w.l)
    0x08000130   0x00000004   Code   RO         1835    .ARM.Collect$$$$00000001  entry2.o(mc_w.l)
    0x08000134   0x00000004   Code   RO         1838    .ARM.Collect$$$$00000004  entry5.o(mc_w.l)
    0x08000138   0x00000008   Code   RO         1839    .ARM.Collect$$$$00000007  entry7.o(mc_w.l)
    0x08000140   0x00000004   Code   RO         1836    .ARM.Collect$$$$00002712  entry2.o(mc_w.l)
    0x08000144   0x00000024   Code   RO         1441    .text               startup_stm32f10x_hd.o
    0x08000168   0x00000026   Code   RO         1831    .text               memseta.o(mc_w.l)
    0x0800018e   0x0000002c   Code   RO         1833    .text               strstr.o(mc_w.l)
    0x080001ba   0x00000002   PAD
    0x080001bc   0x00000024   Code   RO         1840    .text               init.o(mc_w.l)
    0x080001e0   0x00000002   Code   RO            1    i.BusFault_Handler  stm32f10x_it.o
    0x080001e2   0x00000002   PAD
    0x080001e4   0x000000e8   Code   RO          298    i.CmdResp1Error     sdio_sdcard.o
    0x080002cc   0x00000034   Code   RO          299    i.CmdResp2Error     sdio_sdcard.o
    0x08000300   0x00000070   Code   RO          300    i.CmdResp6Error     sdio_sdcard.o
    0x08000370   0x00000014   Code   RO         1222    i.DMA_ClearFlag     stm32f10x_dma.o
    0x08000384   0x00000016   Code   RO         1224    i.DMA_Cmd           stm32f10x_dma.o
    0x0800039a   0x00000002   PAD
    0x0800039c   0x00000020   Code   RO         1227    i.DMA_GetFlagStatus  stm32f10x_dma.o
    0x080003bc   0x0000003a   Code   RO         1230    i.DMA_Init          stm32f10x_dma.o
    0x080003f6   0x00000002   Code   RO            2    i.DebugMon_Handler  stm32f10x_it.o
    0x080003f8   0x00000010   Code   RO          134    i.Delay_us          main.o
    0x08000408   0x00000148   Code   RO          301    i.FindSCR           sdio_sdcard.o
    0x08000550   0x0000009e   Code   RO          548    i.GPIO_Init         stm32f10x_gpio.o
    0x080005ee   0x0000000e   Code   RO          552    i.GPIO_ReadInputDataBit  stm32f10x_gpio.o
    0x080005fc   0x00000004   Code   RO          555    i.GPIO_ResetBits    stm32f10x_gpio.o
    0x08000600   0x00000004   Code   RO          556    i.GPIO_SetBits      stm32f10x_gpio.o
    0x08000604   0x00000002   Code   RO            3    i.HardFault_Handler  stm32f10x_it.o
    0x08000606   0x00000002   PAD
    0x08000608   0x00000118   Code   RO          302    i.IsCardProgramming  sdio_sdcard.o
    0x08000720   0x0000002c   Code   RO          135    i.LED_Config        main.o
    0x0800074c   0x00000002   Code   RO            4    i.MemManage_Handler  stm32f10x_it.o
    0x0800074e   0x00000002   Code   RO            5    i.NMI_Handler       stm32f10x_it.o
    0x08000750   0x00000028   Code   RO          136    i.NVIC_Configuration  main.o
    0x08000778   0x0000005c   Code   RO          506    i.NVIC_Init         misc.o
    0x080007d4   0x00000014   Code   RO          507    i.NVIC_PriorityGroupConfig  misc.o
    0x080007e8   0x00000002   Code   RO            6    i.PendSV_Handler    stm32f10x_it.o
    0x080007ea   0x00000002   PAD
    0x080007ec   0x00000250   Code   RO          137    i.Play_Music        main.o
    0x08000a3c   0x00000018   Code   RO          657    i.RCC_AHBPeriphClockCmd  stm32f10x_rcc.o
    0x08000a54   0x00000018   Code   RO          658    i.RCC_APB1PeriphClockCmd  stm32f10x_rcc.o
    0x08000a6c   0x00000018   Code   RO          660    i.RCC_APB2PeriphClockCmd  stm32f10x_rcc.o
    0x08000a84   0x0000001a   Code   RO          138    i.RCC_Configuration  main.o
    0x08000a9e   0x00000002   PAD
    0x08000aa0   0x00000094   Code   RO          668    i.RCC_GetClocksFreq  stm32f10x_rcc.o
    0x08000b34   0x000000b8   Code   RO          303    i.SDEnWideBus       sdio_sdcard.o
    0x08000bec   0x0000000c   Code   RO         1037    i.SDIO_ClearFlag    stm32f10x_sdio.o
    0x08000bf8   0x0000000c   Code   RO         1038    i.SDIO_ClearITPendingBit  stm32f10x_sdio.o
    0x08000c04   0x0000000c   Code   RO         1039    i.SDIO_ClockCmd     stm32f10x_sdio.o
    0x08000c10   0x0000000c   Code   RO         1042    i.SDIO_DMACmd       stm32f10x_sdio.o
    0x08000c1c   0x0000002c   Code   RO         1043    i.SDIO_DataConfig   stm32f10x_sdio.o
    0x08000c48   0x00000024   Code   RO         1045    i.SDIO_DeInit       stm32f10x_sdio.o
    0x08000c6c   0x0000000c   Code   RO         1046    i.SDIO_GetCommandResponse  stm32f10x_sdio.o
    0x08000c78   0x00000014   Code   RO         1049    i.SDIO_GetFlagStatus  stm32f10x_sdio.o
    0x08000c8c   0x00000014   Code   RO         1050    i.SDIO_GetITStatus  stm32f10x_sdio.o
    0x08000ca0   0x00000010   Code   RO         1051    i.SDIO_GetPowerState  stm32f10x_sdio.o
    0x08000cb0   0x0000000c   Code   RO         1052    i.SDIO_GetResponse  stm32f10x_sdio.o
    0x08000cbc   0x00000004   Code   RO            7    i.SDIO_IRQHandler   stm32f10x_it.o
    0x08000cc0   0x00000018   Code   RO         1053    i.SDIO_ITConfig     stm32f10x_sdio.o
    0x08000cd8   0x0000002c   Code   RO         1054    i.SDIO_Init         stm32f10x_sdio.o
    0x08000d04   0x0000000c   Code   RO         1055    i.SDIO_ReadData     stm32f10x_sdio.o
    0x08000d10   0x00000028   Code   RO         1057    i.SDIO_SendCommand  stm32f10x_sdio.o
    0x08000d38   0x00000018   Code   RO         1059    i.SDIO_SetPowerState  stm32f10x_sdio.o
    0x08000d50   0x0000000c   Code   RO         1065    i.SDIO_WriteData    stm32f10x_sdio.o
    0x08000d5c   0x0000000c   Code   RO          304    i.SD_DMAEndOfTransferStatus  sdio_sdcard.o
    0x08000d68   0x00000078   Code   RO          307    i.SD_EnableWideBusOperation  sdio_sdcard.o
    0x08000de0   0x00000244   Code   RO          309    i.SD_GetCardInfo    sdio_sdcard.o
    0x08001024   0x0000006c   Code   RO          313    i.SD_Init           sdio_sdcard.o
    0x08001090   0x00000104   Code   RO          314    i.SD_InitializeCards  sdio_sdcard.o
    0x08001194   0x0000005c   Code   RO          315    i.SD_LowLevel_DMA_RxConfig  sdio_sdcard.o
    0x080011f0   0x00000060   Code   RO          316    i.SD_LowLevel_DMA_TxConfig  sdio_sdcard.o
    0x08001250   0x00000068   Code   RO          318    i.SD_LowLevel_Init  sdio_sdcard.o
    0x080012b8   0x000001d0   Code   RO          320    i.SD_PowerON        sdio_sdcard.o
    0x08001488   0x0000019c   Code   RO          321    i.SD_ProcessIRQSrc  sdio_sdcard.o
    0x08001624   0x00000204   Code   RO          322    i.SD_ReadBlock      sdio_sdcard.o
    0x08001828   0x0000002c   Code   RO          324    i.SD_SelectDeselect  sdio_sdcard.o
    0x08001854   0x0000001c   Code   RO          327    i.SD_SetDeviceMode  sdio_sdcard.o
    0x08001870   0x00000028   Code   RO          328    i.SD_StopTransfer   sdio_sdcard.o
    0x08001898   0x00000090   Code   RO          139    i.SD_TEST           main.o
    0x08001928   0x000002ac   Code   RO          329    i.SD_WriteBlock     sdio_sdcard.o
    0x08001bd4   0x000000a8   Code   RO          140    i.SPI1_Configeration  main.o
    0x08001c7c   0x0000004c   Code   RO          141    i.SPI1_SendByte     main.o
    0x08001cc8   0x00000014   Code   RO         1299    i.SPI_Cmd           stm32f10x_spi.o
    0x08001cdc   0x0000000e   Code   RO         1307    i.SPI_I2S_GetFlagStatus  stm32f10x_spi.o
    0x08001cea   0x00000004   Code   RO         1310    i.SPI_I2S_ReceiveData  stm32f10x_spi.o
    0x08001cee   0x00000004   Code   RO         1311    i.SPI_I2S_SendData  stm32f10x_spi.o
    0x08001cf2   0x00000038   Code   RO         1312    i.SPI_Init          stm32f10x_spi.o
    0x08001d2a   0x00000002   PAD
    0x08001d2c   0x000000e8   Code   RO          253    i.SPI_VS1003_Init   vs1003.o
    0x08001e14   0x00000002   Code   RO            8    i.SVC_Handler       stm32f10x_it.o
    0x08001e16   0x00000002   PAD
    0x08001e18   0x00000090   Code   RO         1456    i.SetSysClockTo72   system_stm32f10x.o
    0x08001ea8   0x00000004   Code   RO            9    i.SysTick_Handler   stm32f10x_it.o
    0x08001eac   0x00000050   Code   RO         1458    i.SystemInit        system_stm32f10x.o
    0x08001efc   0x00000014   Code   RO          142    i.TimingDelay_Decrement  main.o
    0x08001f10   0x00000014   Code   RO          860    i.USART_Cmd         stm32f10x_usart.o
    0x08001f24   0x0000000e   Code   RO          863    i.USART_GetFlagStatus  stm32f10x_usart.o
    0x08001f32   0x00000002   PAD
    0x08001f34   0x000000b4   Code   RO          867    i.USART_Init        stm32f10x_usart.o
    0x08001fe8   0x000000ae   Code   RO          143    i.USART_OUT         main.o
    0x08002096   0x00000008   Code   RO          877    i.USART_SendData    stm32f10x_usart.o
    0x0800209e   0x00000002   Code   RO           10    i.UsageFault_Handler  stm32f10x_it.o
    0x080020a0   0x000000a0   Code   RO          144    i.Usart1_Init       main.o
    0x08002140   0x00000034   Code   RO          256    i.VS1003_WriteByte  vs1003.o
    0x08002174   0x0000004c   Code   RO          257    i.VS1003_WriteReg   vs1003.o
    0x080021c0   0x00000094   Code   RO          258    i.VS1003_start      vs1003.o
    0x08002254   0x0000000e   Code   RO         1844    i.__scatterload_copy  handlers.o(mc_w.l)
    0x08002262   0x00000002   Code   RO         1845    i.__scatterload_null  handlers.o(mc_w.l)
    0x08002264   0x0000000e   Code   RO         1846    i.__scatterload_zeroinit  handlers.o(mc_w.l)
    0x08002272   0x00000002   PAD
    0x08002274   0x0000005c   Code   RO         1492    i.check_fs          ff.o
    0x080022d0   0x00000010   Code   RO         1493    i.chk_chr           ff.o
    0x080022e0   0x00000218   Code   RO         1494    i.chk_mounted       ff.o
    0x080024f8   0x00000018   Code   RO         1495    i.clust2sect        ff.o
    0x08002510   0x00000012   Code   RO          331    i.convert_from_bytes_to_power_of_two  sdio_sdcard.o
    0x08002522   0x00000098   Code   RO         1496    i.create_chain      ff.o
    0x080025ba   0x00000002   PAD
    0x080025bc   0x00000224   Code   RO         1497    i.create_name       ff.o
    0x080027e0   0x00000124   Code   RO         1498    i.dir_find          ff.o
    0x08002904   0x000000ea   Code   RO         1499    i.dir_next          ff.o
    0x080029ee   0x00000002   PAD
    0x080029f0   0x000000ec   Code   RO         1500    i.dir_read          ff.o
    0x08002adc   0x000001ac   Code   RO         1501    i.dir_register      ff.o
    0x08002c88   0x0000007e   Code   RO         1503    i.dir_sdi           ff.o
    0x08002d06   0x00000004   Code   RO         1750    i.disk_initialize   diskio.o
    0x08002d0a   0x00000004   Code   RO         1751    i.disk_ioctl        diskio.o
    0x08002d0e   0x00000014   Code   RO         1752    i.disk_read         diskio.o
    0x08002d22   0x00000004   Code   RO         1753    i.disk_status       diskio.o
    0x08002d26   0x00000014   Code   RO         1754    i.disk_write        diskio.o
    0x08002d3a   0x00000012   Code   RO         1505    i.f_close           ff.o
    0x08002d4c   0x00000020   Code   RO         1509    i.f_mount           ff.o
    0x08002d6c   0x00000140   Code   RO         1510    i.f_open            ff.o
    0x08002eac   0x00000064   Code   RO         1511    i.f_opendir         ff.o
    0x08002f10   0x0000013c   Code   RO         1512    i.f_read            ff.o
    0x0800304c   0x00000054   Code   RO         1513    i.f_readdir         ff.o
    0x080030a0   0x00000098   Code   RO         1516    i.f_sync            ff.o
    0x08003138   0x0000004c   Code   RO         1799    i.ff_convert        cc936.o
    0x08003184   0x0000002c   Code   RO         1800    i.ff_wtoupper       cc936.o
    0x080031b0   0x00000066   Code   RO         1521    i.follow_path       ff.o
    0x08003216   0x00000002   PAD
    0x08003218   0x0000007a   Code   RO         1522    i.gen_numname       ff.o
    0x08003292   0x000000b6   Code   RO         1523    i.get_fat           ff.o
    0x08003348   0x00000004   Code   RO         1755    i.get_fattime       diskio.o
    0x0800334c   0x000000da   Code   RO         1524    i.get_fileinfo      ff.o
    0x08003426   0x00000002   PAD
    0x08003428   0x0000005a   Code   RO          145    i.itoa              main.o
    0x08003482   0x00000012   Code   RO         1525    i.ld_clust          ff.o
    0x08003494   0x00000048   Code   RO          146    i.main              main.o
    0x080034dc   0x00000014   Code   RO         1526    i.mem_cpy           ff.o
    0x080034f0   0x0000000e   Code   RO         1527    i.mem_set           ff.o
    0x080034fe   0x0000006a   Code   RO         1528    i.move_window       ff.o
    0x08003568   0x000000ee   Code   RO         1529    i.put_fat           ff.o
    0x08003656   0x00000060   Code   RO         1530    i.remove_chain      ff.o
    0x080036b6   0x00000010   Code   RO         1531    i.st_clust          ff.o
    0x080036c6   0x0000001a   Code   RO         1532    i.sum_sfn           ff.o
    0x080036e0   0x000000b8   Code   RO         1533    i.sync              ff.o
    0x08003798   0x00000024   Code   RO         1534    i.validate          ff.o
    0x080037bc   0x0000000d   Data   RO         1536    .constdata          ff.o
    0x080037c9   0x00000001   PAD
    0x080037ca   0x0002acc8   Data   RO         1801    .constdata          cc936.o
    0x0802e492   0x00000002   PAD
    0x0802e494   0x00000020   Data   RO         1842    Region$$Table       anon$$obj.o


    Execution Region RW_IRAM1 (Base: 0x20000000, Size: 0x00001760, Max: 0x00010000, ABSOLUTE)

    Base Addr    Size         Type   Attr      Idx    E Section Name        Object

    0x20000000   0x00000010   Data   RW          151    .data               main.o
    0x20000010   0x00000002   Data   RW          259    .data               vs1003.o
    0x20000012   0x00000002   PAD
    0x20000014   0x00000028   Data   RW          333    .data               sdio_sdcard.o
    0x2000003c   0x00000014   Data   RW          688    .data               stm32f10x_rcc.o
    0x20000050   0x00000008   Data   RW         1537    .data               ff.o
    0x20000058   0x000010a4   Zero   RW          147    .bss                main.o
    0x200010fc   0x00000064   Zero   RW          332    .bss                sdio_sdcard.o
    0x20001160   0x00000200   Zero   RW         1535    .bss                ff.o
    0x20001360   0x00000400   Zero   RW         1438    STACK               startup_stm32f10x_hd.o


==============================================================================

Image component sizes


      Code (inc. data)   RO Data    RW Data    ZI Data      Debug   Object Name

       120         18     175304          0          0       2339   cc936.o
        56          0          0          0          0       3296   diskio.o
      5084         76         13          8        512      31946   ff.o
      1622        246          0         16       4260      28137   main.o
       112         10          0          0          0       1379   misc.o
      4766        210          0         40        100      22459   sdio_sdcard.o
        36          8        304          0       1024        492   startup_stm32f10x_hd.o
       132         10          0          0          0       3681   stm32f10x_dma.o
       180          0          0          0          0       3412   stm32f10x_gpio.o
        24          0          0          0          0     267276   stm32f10x_it.o
       220         34          0         20          0       4770   stm32f10x_rcc.o
       364        100          0          0          0       9843   stm32f10x_sdio.o
        98          0          0          0          0       3514   stm32f10x_spi.o
       222          6          0          0          0       3872   stm32f10x_usart.o
       224         24          0          0          0       1397   system_stm32f10x.o
       508         46          0          2          0       2524   vs1003.o

    ----------------------------------------------------------------------
     13792        788     175656         88       5896     390337   Object Totals
         0          0         32          0          0          0   (incl. Generated)
        24          0          3          2          0          3   (incl. Padding)

    ----------------------------------------------------------------------

      Code (inc. data)   RO Data    RW Data    ZI Data      Debug   Library Member Name

         0          0          0          0          0          0   entry.o
         8          4          0          0          0          0   entry2.o
         4          0          0          0          0          0   entry5.o
         8          4          0          0          0          0   entry7.o
        30          0          0          0          0          0   handlers.o
        36          8          0          0          0         68   init.o
        38          0          0          0          0        108   memseta.o
        44          0          0          0          0         76   strstr.o

    ----------------------------------------------------------------------
       172         16          0          0          0        252   Library Totals
         4          0          0          0          0          0   (incl. Padding)

    ----------------------------------------------------------------------

      Code (inc. data)   RO Data    RW Data    ZI Data      Debug   Library Name

       168         16          0          0          0        252   mc_w.l

    ----------------------------------------------------------------------
       172         16          0          0          0        252   Library Totals

    ----------------------------------------------------------------------

==============================================================================


      Code (inc. data)   RO Data    RW Data    ZI Data      Debug   

     13964        804     175656         88       5896     384192   Grand Totals
     13964        804     175656         88       5896     384192   ELF Image Totals
     13964        804     175656         88          0          0   ROM Totals

==============================================================================

    Total RO  Size (Code + RO Data)               189620 ( 185.18kB)
    Total RW  Size (RW Data + ZI Data)              5984 (   5.84kB)
    Total ROM Size (Code + RO Data + RW Data)     189708 ( 185.26kB)

==============================================================================

